 PickAndPlace_Simulation_Simscape_cgxe

 Timestamp is 69d278d1 (Sun Apr  5 15:59:29 2026)

 Preferred load address is 0000000180000000

 Start         Length     Name                   Class
 0001:00000000 000584f0H .text$mn                CODE
 0001:000584f0 00000040H .text$mn$00             CODE
 0001:00058530 0000073eH .text$x                 CODE
 0002:00000000 00000540H .idata$5                DATA
 0002:00000540 00000038H .00cfg                  DATA
 0002:00000578 00000008H .CRT$XCA                DATA
 0002:00000580 00000008H .CRT$XCZ                DATA
 0002:00000588 00000008H .CRT$XIA                DATA
 0002:00000590 00000008H .CRT$XIZ                DATA
 0002:00000598 00000008H .CRT$XPA                DATA
 0002:000005a0 00000008H .CRT$XPZ                DATA
 0002:000005a8 00000008H .CRT$XTA                DATA
 0002:000005b0 00000010H .CRT$XTZ                DATA
 0002:000005b8 00000000H .gehcont$y              DATA
 0002:000005b8 00000000H .gfids$y                DATA
 0002:000005c0 00000ac0H .rdata                  DATA
 0002:00001080 00000080H .rdata$CastGuardVftablesA DATA
 0002:00001100 00000080H .rdata$CastGuardVftablesC DATA
 0002:00001180 0000026cH .rdata$r                DATA
 0002:000013ec 000004a4H .rdata$voltmd           DATA
 0002:00001890 000002c8H .rdata$zzzdbg           DATA
 0002:00001b58 00000008H .rtc$IAA                DATA
 0002:00001b60 00000008H .rtc$IZZ                DATA
 0002:00001b68 00000008H .rtc$TAA                DATA
 0002:00001b70 00000008H .rtc$TZZ                DATA
 0002:00001b78 00002428H .xdata                  DATA
 0002:00003fa0 000000f0H .xdata$x                DATA
 0002:00004090 000002d4H .edata                  DATA
 0002:00004364 00000140H .idata$2                DATA
 0002:000044a4 00000014H .idata$3                DATA
 0002:000044b8 00000540H .idata$4                DATA
 0002:000049f8 00001054H .idata$6                DATA
 0003:00000000 000162c8H .data                   DATA
 0003:000162c8 00000080H .data$r                 DATA
 0003:00016348 00000058H .data$rs                DATA
 0003:000163a0 000006a0H .bss                    DATA
 0004:00000000 00002538H .pdata                  DATA

  Address         Publics by Value              Rva+Base               Lib:Object

 0000:00000000       __AbsoluteZero             0000000000000000     <absolute>
 0000:00000000       ___safe_se_handler_count   0000000000000000     <absolute>
 0000:00000000       ___safe_se_handler_table   0000000000000000     <absolute>
 0000:00000000       __arm64x_extra_rfe_table   0000000000000000     <absolute>
 0000:00000000       __arm64x_extra_rfe_table_size 0000000000000000     <absolute>
 0000:00000000       __arm64x_native_entrypoint 0000000000000000     <absolute>
 0000:00000000       __arm64x_redirection_metadata 0000000000000000     <absolute>
 0000:00000000       __arm64x_redirection_metadata_count 0000000000000000     <absolute>
 0000:00000000       __dynamic_value_reloc_table 0000000000000000     <absolute>
 0000:00000000       __enclave_config           0000000000000000     <absolute>
 0000:00000000       __guard_check_icall_a64n_fptr 0000000000000000     <absolute>
 0000:00000000       __guard_eh_cont_count      0000000000000000     <absolute>
 0000:00000000       __guard_eh_cont_table      0000000000000000     <absolute>
 0000:00000000       __guard_fids_count         0000000000000000     <absolute>
 0000:00000000       __guard_fids_table         0000000000000000     <absolute>
 0000:00000000       __guard_iat_count          0000000000000000     <absolute>
 0000:00000000       __guard_iat_table          0000000000000000     <absolute>
 0000:00000000       __guard_longjmp_count      0000000000000000     <absolute>
 0000:00000000       __guard_longjmp_table      0000000000000000     <absolute>
 0000:00000000       __hybrid_auxiliary_iat     0000000000000000     <absolute>
 0000:00000000       __hybrid_auxiliary_iat_copy 0000000000000000     <absolute>
 0000:00000000       __hybrid_code_map          0000000000000000     <absolute>
 0000:00000000       __hybrid_code_map_count    0000000000000000     <absolute>
 0000:00000000       __x64_code_ranges_to_entry_points 0000000000000000     <absolute>
 0000:00000000       __x64_code_ranges_to_entry_points_count 0000000000000000     <absolute>
 0000:00000100       __guard_flags              0000000000000100     <absolute>
 0000:00000000       __ImageBase                0000000180000000     <linker-defined>
 0001:00000000       mexfilerequiredapiversion  0000000180001000 f   c_mexapi_version.obj
 0001:00000030       cgxe_PickAndPlace_Simulation_Simscape_method_dispatcher 0000000180001030 f   PickAndPlace_Simulation_Simscape_cgxe.obj
 0001:000000d0       method_dispatcher_eZ8Q20pDV7O0CnikSSPLsF 00000001800010d0 f   m_eZ8Q20pDV7O0CnikSSPLsF.obj
 0001:000384a0       cgxe_eZ8Q20pDV7O0CnikSSPLsF_BuildInfoUpdate 00000001800394a0 f   m_eZ8Q20pDV7O0CnikSSPLsF.obj
 0001:000388b0       cgxe_eZ8Q20pDV7O0CnikSSPLsF_fallback_info 00000001800398b0 f   m_eZ8Q20pDV7O0CnikSSPLsF.obj
 0001:00038950       mexFunction                0000000180039950 f   PickAndPlace_Simulation_Simscape_cgxe_registry.obj
 0001:0003a7c0       _ssSetInputPortDirectFeedThroughFcn 000000018003b7c0 f   PickAndPlace_Simulation_Simscape_cgxe_registry.obj
 0001:0003a930       _ssSetRWorkValueFcn        000000018003b930 f   PickAndPlace_Simulation_Simscape_cgxe_registry.obj
 0001:0003a9b0       _ssGetRWorkValueFcn        000000018003b9b0 f   PickAndPlace_Simulation_Simscape_cgxe_registry.obj
 0001:0003aa20       _ssSetIWorkValueFcn        000000018003ba20 f   PickAndPlace_Simulation_Simscape_cgxe_registry.obj
 0001:0003aaa0       _ssGetIWorkValueFcn        000000018003baa0 f   PickAndPlace_Simulation_Simscape_cgxe_registry.obj
 0001:0003ab10       _ssSetPWorkValueFcn        000000018003bb10 f   PickAndPlace_Simulation_Simscape_cgxe_registry.obj
 0001:0003ab90       _ssGetPWorkValueFcn        000000018003bb90 f   PickAndPlace_Simulation_Simscape_cgxe_registry.obj
 0001:0003ac00       _ssGetInputPortSignalFcn   000000018003bc00 f   PickAndPlace_Simulation_Simscape_cgxe_registry.obj
 0001:0003af90       _ssGetInputPortBufferDstPortFcn 000000018003bf90 f   PickAndPlace_Simulation_Simscape_cgxe_registry.obj
 0001:0003b010       _ssGetInputPortSignalPtrsFcn 000000018003c010 f   PickAndPlace_Simulation_Simscape_cgxe_registry.obj
 0001:0003b3a0       ssGetParameterTuningCompliance 000000018003c3a0 f   PickAndPlace_Simulation_Simscape_cgxe_registry.obj
 0001:0003b410       _ssReadInputStringFcn      000000018003c410 f   PickAndPlace_Simulation_Simscape_cgxe_registry.obj
 0001:0003b480       ssGetDTypeIdFromMxArray    000000018003c480 f   PickAndPlace_Simulation_Simscape_cgxe_registry.obj
 0001:0003b5a0       ssWriteRTWMx2dMatParam     000000018003c5a0 f   PickAndPlace_Simulation_Simscape_cgxe_registry.obj
 0001:0003b630       ssWriteRTWMxVectParam      000000018003c630 f   PickAndPlace_Simulation_Simscape_cgxe_registry.obj
 0001:0003b6b0       ssWriteRTWParameters       000000018003c6b0 f   PickAndPlace_Simulation_Simscape_cgxe_registry.obj
 0001:0003bc70       ssWriteRTWParamSettings    000000018003cc70 f   PickAndPlace_Simulation_Simscape_cgxe_registry.obj
 0001:0003c360       ssWriteRTWStr              000000018003d360 f   PickAndPlace_Simulation_Simscape_cgxe_registry.obj
 0001:0003c3c0       ssWriteRTWWorkVect         000000018003d3c0 f   PickAndPlace_Simulation_Simscape_cgxe_registry.obj
 0001:0003c920       ssWarning                  000000018003d920 f   PickAndPlace_Simulation_Simscape_cgxe_registry.obj
 0001:0003ca10       ssGetRootSS                000000018003da10 f   PickAndPlace_Simulation_Simscape_cgxe_registry.obj
 0001:0003cad0       ssGetParentSS              000000018003dad0 f   PickAndPlace_Simulation_Simscape_cgxe_registry.obj
 0001:0003cb90       ssWriteRTWNameValuePair    000000018003db90 f   PickAndPlace_Simulation_Simscape_cgxe_registry.obj
 0001:0003d090       _ssSetInputPortMatrixDimensions 000000018003e090 f   PickAndPlace_Simulation_Simscape_cgxe_registry.obj
 0001:0003d1e0       _ssSetOutputPortMatrixDimensions 000000018003e1e0 f   PickAndPlace_Simulation_Simscape_cgxe_registry.obj
 0001:0003d330       _ssSetInputPortVectorDimension 000000018003e330 f   PickAndPlace_Simulation_Simscape_cgxe_registry.obj
 0001:0003d3e0       _ssSetOutputPortVectorDimension 000000018003e3e0 f   PickAndPlace_Simulation_Simscape_cgxe_registry.obj
 0001:0003d490       ssIsRunTimeParamTunable    000000018003e490 f   PickAndPlace_Simulation_Simscape_cgxe_registry.obj
 0001:0003d500       ssGetSFuncBlockHandle      000000018003e500 f   PickAndPlace_Simulation_Simscape_cgxe_registry.obj
 0001:0003d570       _ssGetCallSystemNumFcnCallDestinations 000000018003e570 f   PickAndPlace_Simulation_Simscape_cgxe_registry.obj
 0001:0003d5e0       _ssGetCurrentInputPortWidth 000000018003e5e0 f   PickAndPlace_Simulation_Simscape_cgxe_registry.obj
 0001:0003d720       _ssGetCurrentOutputPortWidth 000000018003e720 f   PickAndPlace_Simulation_Simscape_cgxe_registry.obj
 0001:0003d860       ssGetIsZeroCrossControlDisabled 000000018003e860 f   PickAndPlace_Simulation_Simscape_cgxe_registry.obj
 0001:0003d8d0       ssSetIsInputPortUsedForContZcSignal 000000018003e8d0 f   PickAndPlace_Simulation_Simscape_cgxe_registry.obj
 0001:0003d940       ssSetZcSignalIsZcElementDisc 000000018003e940 f   PickAndPlace_Simulation_Simscape_cgxe_registry.obj
 0001:0003d9f0       ssSetZcSignalName          000000018003e9f0 f   PickAndPlace_Simulation_Simscape_cgxe_registry.obj
 0001:0003da60       ssSetZcSignalWidth         000000018003ea60 f   PickAndPlace_Simulation_Simscape_cgxe_registry.obj
 0001:0003dad0       ssSetZcSignalZcEventType   000000018003ead0 f   PickAndPlace_Simulation_Simscape_cgxe_registry.obj
 0001:0003db40       ssSetZcSignalType          000000018003eb40 f   PickAndPlace_Simulation_Simscape_cgxe_registry.obj
 0001:0003dbb0       ssSetZcSignalZcTol         000000018003ebb0 f   PickAndPlace_Simulation_Simscape_cgxe_registry.obj
 0001:0003dc20       ssSetZcSignalNeedsEventNotification 000000018003ec20 f   PickAndPlace_Simulation_Simscape_cgxe_registry.obj
 0001:0003dc90       ssCreateAndAddZcSignalInfo 000000018003ec90 f   PickAndPlace_Simulation_Simscape_cgxe_registry.obj
 0001:0003dd00       ssCloneAndAddZcSignalInfo  000000018003ed00 f   PickAndPlace_Simulation_Simscape_cgxe_registry.obj
 0001:0003dd70       ssGetNumZcSignals          000000018003ed70 f   PickAndPlace_Simulation_Simscape_cgxe_registry.obj
 0001:0003dde0       ssGetZcSignalVector        000000018003ede0 f   PickAndPlace_Simulation_Simscape_cgxe_registry.obj
 0001:0003de50       ssGetZcSignalName          000000018003ee50 f   PickAndPlace_Simulation_Simscape_cgxe_registry.obj
 0001:0003dec0       ssGetZcSignalWidth         000000018003eec0 f   PickAndPlace_Simulation_Simscape_cgxe_registry.obj
 0001:0003df30       ssGetZcSignalZcEventType   000000018003ef30 f   PickAndPlace_Simulation_Simscape_cgxe_registry.obj
 0001:0003dfa0       ssGetZcSignalZcEvents      000000018003efa0 f   PickAndPlace_Simulation_Simscape_cgxe_registry.obj
 0001:0003e010       ssGetZcSignalType          000000018003f010 f   PickAndPlace_Simulation_Simscape_cgxe_registry.obj
 0001:0003e080       ssGetZcSignalZcTol         000000018003f080 f   PickAndPlace_Simulation_Simscape_cgxe_registry.obj
 0001:0003e100       ssGetZcSignalNeedsEventNotification 000000018003f100 f   PickAndPlace_Simulation_Simscape_cgxe_registry.obj
 0001:0003e170       ssGetZcSignalIsZcElementDisc 000000018003f170 f   PickAndPlace_Simulation_Simscape_cgxe_registry.obj
 0001:0003e210       ssGetIsInputPortElementContinuous 000000018003f210 f   PickAndPlace_Simulation_Simscape_cgxe_registry.obj
 0001:0003e2b0       _ssGetAbsTol               000000018003f2b0 f   PickAndPlace_Simulation_Simscape_cgxe_registry.obj
 0001:0003e320       _ssSetStateAbsTol          000000018003f320 f   PickAndPlace_Simulation_Simscape_cgxe_registry.obj
 0001:0003e400       _ssSetInputPortReusableFcn 000000018003f400 f   PickAndPlace_Simulation_Simscape_cgxe_registry.obj
 0001:0003e500       _ssSetOutputPortReusableFcn 000000018003f500 f   PickAndPlace_Simulation_Simscape_cgxe_registry.obj
 0001:0003e600       _ssSetSymbolicDimsSupport  000000018003f600 f   PickAndPlace_Simulation_Simscape_cgxe_registry.obj
 0001:0003e670       _ssRegisterSymbolicDimsExpr 000000018003f670 f   PickAndPlace_Simulation_Simscape_cgxe_registry.obj
 0001:0003e6f0       _ssRegisterSymbolicDimsMATLABExpr 000000018003f6f0 f   PickAndPlace_Simulation_Simscape_cgxe_registry.obj
 0001:0003e780       _ssRegisterSymbolicDims    000000018003f780 f   PickAndPlace_Simulation_Simscape_cgxe_registry.obj
 0001:0003e820       _ssRegisterSymbolicDimsString 000000018003f820 f   PickAndPlace_Simulation_Simscape_cgxe_registry.obj
 0001:0003e8a0       _ssRegisterSymbolicDimsIntValue 000000018003f8a0 f   PickAndPlace_Simulation_Simscape_cgxe_registry.obj
 0001:0003e910       _ssRegisterSymbolicEqualRelation 000000018003f910 f   PickAndPlace_Simulation_Simscape_cgxe_registry.obj
 0001:0003e980       _ssRegisterSymbolicEqualValue 000000018003f980 f   PickAndPlace_Simulation_Simscape_cgxe_registry.obj
 0001:0003e9f0       _ssAmendLeadingSymbolicDims 000000018003f9f0 f   PickAndPlace_Simulation_Simscape_cgxe_registry.obj
 0001:0003ea70       _ssAmendTrailingSymbolicDims 000000018003fa70 f   PickAndPlace_Simulation_Simscape_cgxe_registry.obj
 0001:0003eaf0       _ssRegisterSymbolicDimsPlus 000000018003faf0 f   PickAndPlace_Simulation_Simscape_cgxe_registry.obj
 0001:0003eb70       _ssRegisterSymbolicDimsMinus 000000018003fb70 f   PickAndPlace_Simulation_Simscape_cgxe_registry.obj
 0001:0003ebf0       _ssRegisterSymbolicDimsMultiply 000000018003fbf0 f   PickAndPlace_Simulation_Simscape_cgxe_registry.obj
 0001:0003ec70       _ssRegisterSymbolicDimsDivide 000000018003fc70 f   PickAndPlace_Simulation_Simscape_cgxe_registry.obj
 0001:0003ecf0       _ssGetNumSymbolicDims      000000018003fcf0 f   PickAndPlace_Simulation_Simscape_cgxe_registry.obj
 0001:0003ed60       _ssGetSymbolicDim          000000018003fd60 f   PickAndPlace_Simulation_Simscape_cgxe_registry.obj
 0001:0003ede0       _ssSetInputPortSymbolicDimsId 000000018003fde0 f   PickAndPlace_Simulation_Simscape_cgxe_registry.obj
 0001:0003ee50       _ssGetCompInputPortSymbolicDimsId 000000018003fe50 f   PickAndPlace_Simulation_Simscape_cgxe_registry.obj
 0001:0003eec0       _ssSetCompInputPortSymbolicDimsId 000000018003fec0 f   PickAndPlace_Simulation_Simscape_cgxe_registry.obj
 0001:0003ef30       _ssSetOutputPortSymbolicDimsId 000000018003ff30 f   PickAndPlace_Simulation_Simscape_cgxe_registry.obj
 0001:0003efa0       _ssGetCompOutputPortSymbolicDimsId 000000018003ffa0 f   PickAndPlace_Simulation_Simscape_cgxe_registry.obj
 0001:0003f010       _ssSetCompOutputPortSymbolicDimsId 0000000180040010 f   PickAndPlace_Simulation_Simscape_cgxe_registry.obj
 0001:0003f080       _ssGetDWorkSymbolicDimsId  0000000180040080 f   PickAndPlace_Simulation_Simscape_cgxe_registry.obj
 0001:0003f0f0       _ssSetDWorkSymbolicDimsId  00000001800400f0 f   PickAndPlace_Simulation_Simscape_cgxe_registry.obj
 0001:0003f160       _ssGetCompDWorkSymbolicDimsId 0000000180040160 f   PickAndPlace_Simulation_Simscape_cgxe_registry.obj
 0001:0003f1d0       _ssSetCompDWorkSymbolicDimsId 00000001800401d0 f   PickAndPlace_Simulation_Simscape_cgxe_registry.obj
 0001:0003f240       _ssCreateSLCGStringBuffer  0000000180040240 f   PickAndPlace_Simulation_Simscape_cgxe_registry.obj
 0001:0003f2b0       _ssAddToSLCGStringBuffer   00000001800402b0 f   PickAndPlace_Simulation_Simscape_cgxe_registry.obj
 0001:0003f320       _ssGetPointerContainedData 0000000180040320 f   PickAndPlace_Simulation_Simscape_cgxe_registry.obj
 0001:0003f3b0       _ssGetPointerContainedDataWidth 00000001800403b0 f   PickAndPlace_Simulation_Simscape_cgxe_registry.obj
 0001:0003f440       _ssRegisterDynamicArrayDataTypeFcn 0000000180040440 f   PickAndPlace_Simulation_Simscape_cgxe_registry.obj
 0001:0003f4e0       _ssGetDynamicArrayContainedDataCurrentWidthFcn 00000001800404e0 f   PickAndPlace_Simulation_Simscape_cgxe_registry.obj
 0001:0003f5b0       _ssGetDynamicArrayContainedDataFcn 00000001800405b0 f   PickAndPlace_Simulation_Simscape_cgxe_registry.obj
 0001:0003f680       _ssGetInputPortDynamicArrayDataFcn 0000000180040680 f   PickAndPlace_Simulation_Simscape_cgxe_registry.obj
 0001:0003f740       _ssGetOutputPortDynamicArrayDataFcn 0000000180040740 f   PickAndPlace_Simulation_Simscape_cgxe_registry.obj
 0001:0003f800       _ssGetInputPortDynamicArrayContainedDataFcn 0000000180040800 f   PickAndPlace_Simulation_Simscape_cgxe_registry.obj
 0001:0003f8c0       _ssGetOutputPortDynamicArrayContainedDataFcn 00000001800408c0 f   PickAndPlace_Simulation_Simscape_cgxe_registry.obj
 0001:0003f980       _ssGetDynamicArrayDWorkContainedDataFcn 0000000180040980 f   PickAndPlace_Simulation_Simscape_cgxe_registry.obj
 0001:00041470       __local_stdio_printf_options 0000000180042470 f i PickAndPlace_Simulation_Simscape_cgxe_registry.obj
 0001:00041480       _vsnprintf_l               0000000180042480 f i PickAndPlace_Simulation_Simscape_cgxe_registry.obj
 0001:00041500       _vsprintf_l                0000000180042500 f i PickAndPlace_Simulation_Simscape_cgxe_registry.obj
 0001:00041550       sprintf                    0000000180042550 f i PickAndPlace_Simulation_Simscape_cgxe_registry.obj
 0001:00041f40       ccdFirstDirDefault         0000000180042f40 f   ccd_ccd.obj
 0001:00041f80       __ccdSupport               0000000180042f80 f   ccd_ccd.obj
 0001:00042060       ccdGJKIntersect            0000000180043060 f   ccd_ccd.obj
 0001:000420f0       __ccdGJK                   00000001800430f0 f   ccd_ccd.obj
 0001:000422b0       ccdGJKSeparate             00000001800432b0 f   ccd_ccd.obj
 0001:00042350       ccdGJKPenetration          0000000180043350 f   ccd_ccd.obj
 0001:00046860       ccdMPRIntersect            0000000180047860 f   ccd_mpr.obj
 0001:00046930       ccdMPRPenetration          0000000180047930 f   ccd_mpr.obj
 0001:00048430       ccdPtInit                  0000000180049430 f   ccd_polytope.obj
 0001:000484a0       ccdPtDestroy               00000001800494a0 f   ccd_polytope.obj
 0001:000485f0       ccdPtAddVertex             00000001800495f0 f   ccd_polytope.obj
 0001:000486c0       ccdPtAddEdge               00000001800496c0 f   ccd_polytope.obj
 0001:00048880       ccdPtAddFace               0000000180049880 f   ccd_polytope.obj
 0001:00048d60       ccdPtRecomputeDistances    0000000180049d60 f   ccd_polytope.obj
 0001:00049050       ccdPtNearest               000000018004a050 f   ccd_polytope.obj
 0001:00049090       ccdPtDumpSVT               000000018004a090 f   ccd_polytope.obj
 0001:000490f0       ccdPtDumpSVT2              000000018004a0f0 f   ccd_polytope.obj
 0001:000495e0       _vfprintf_l                000000018004a5e0 f i ccd_polytope.obj
 0001:00049630       fprintf                    000000018004a630 f i ccd_polytope.obj
 0001:00049b70       ccdVec3PointSegmentDist2   000000018004ab70 f   ccd_vec3.obj
 0001:00049bb0       ccdVec3PointTriDist2       000000018004abb0 f   ccd_vec3.obj
 0001:0004aae0       ??RCollisionGeometryDeleter@shared_robotics@@QEAAXPEAVCollisionGeometry@1@@Z 000000018004bae0 f   collisioncodegen_CollisionGeometry.obj
 0001:0004ab30       ??1CollisionGeometry@shared_robotics@@UEAA@XZ 000000018004bb30 f   collisioncodegen_CollisionGeometry.obj
 0001:0004ab90       ?support@CollisionGeometry@shared_robotics@@QEBAXPEBU_ccd_vec3_t@@PEAU3@@Z 000000018004bb90 f   collisioncodegen_CollisionGeometry.obj
 0001:0004b6e0       ?constructConnectionList@CollisionGeometry@shared_robotics@@IEAAXXZ 000000018004c6e0 f   collisioncodegen_CollisionGeometry.obj
 0001:0004bc60       ??$?0$$V@?$_Compressed_pair@V?$allocator@N@std@@V?$_Vector_val@U?$_Simple_types@N@std@@@2@$00@std@@QEAA@U_Zero_then_variadic_args_t@1@@Z 000000018004cc60 f i collisioncodegen_CollisionGeometry.obj
 0001:0004bc90       ??$?0$$V@?$_Compressed_pair@V?$allocator@_K@std@@V?$_Vector_val@U?$_Simple_types@_K@std@@@2@$00@std@@QEAA@U_Zero_then_variadic_args_t@1@@Z 000000018004cc90 f i collisioncodegen_CollisionGeometry.obj
 0001:0004bcc0       ??$?0AEAPEA_KAEAPEA_K$0A@@?$pair@PEA_KPEA_K@std@@QEAA@AEAPEA_K0@Z 000000018004ccc0 f i collisioncodegen_CollisionGeometry.obj
 0001:0004bd10       ??$?0V?$allocator@_K@std@@PEA_KPEA_KPEA_K@?$_Compressed_pair@V?$allocator@_K@std@@V?$_Vector_val@U?$_Simple_types@_K@std@@@2@$00@std@@QEAA@U_One_then_variadic_args_t@1@$$QEAV?$allocator@_K@1@$$QEAPEA_K22@Z 000000018004cd10 f i collisioncodegen_CollisionGeometry.obj
 0001:0004bd80       ??$?6U?$char_traits@D@std@@@std@@YAAEAV?$basic_ostream@DU?$char_traits@D@std@@@0@AEAV10@PEBD@Z 000000018004cd80 f i collisioncodegen_CollisionGeometry.obj
 0001:0004c130       ??$?RAEANAEAN@?$less@X@std@@QEBA_NAEAN0@Z 000000018004d130 f i collisioncodegen_CollisionGeometry.obj
 0001:0004c170       ??$?RAEA_KAEA_K@?$equal_to@X@std@@QEBA_NAEA_K0@Z 000000018004d170 f i collisioncodegen_CollisionGeometry.obj
 0001:0004c1b0       ??$?RAEA_KAEA_K@?$less@X@std@@QEBA_NAEA_K0@Z 000000018004d1b0 f i collisioncodegen_CollisionGeometry.obj
 0001:0004c1f0       ??$_Adl_verify_range@V?$_Vector_iterator@V?$_Vector_val@U?$_Simple_types@N@std@@@std@@@std@@V12@@std@@YAXAEBV?$_Vector_iterator@V?$_Vector_val@U?$_Simple_types@N@std@@@std@@@0@0@Z 000000018004d1f0 f i collisioncodegen_CollisionGeometry.obj
 0001:0004c200       ??$_Adl_verify_range@V?$_Vector_iterator@V?$_Vector_val@U?$_Simple_types@_K@std@@@std@@@std@@V12@@std@@YAXAEBV?$_Vector_iterator@V?$_Vector_val@U?$_Simple_types@_K@std@@@std@@@0@0@Z 000000018004d200 f i collisioncodegen_CollisionGeometry.obj
 0001:0004c210       ??$_Allocate@$0BA@U_Default_allocate_traits@std@@$0A@@std@@YAPEAX_K@Z 000000018004d210 f i collisioncodegen_CollisionGeometry.obj
 0001:0004c250       ??$_Allocate_manually_vector_aligned@U_Default_allocate_traits@std@@@std@@YAPEAX_K@Z 000000018004d250 f i collisioncodegen_CollisionGeometry.obj
 0001:0004c2e0       ??$_Construct_in_place@NN@std@@YAXAEAN$$QEAN@Z 000000018004d2e0 f i collisioncodegen_CollisionGeometry.obj
 0001:0004c330       ??$_Construct_in_place@_KAEB_K@std@@YAXAEA_KAEB_K@Z 000000018004d330 f i collisioncodegen_CollisionGeometry.obj
 0001:0004c380       ??$_Copy_backward_memmove@PEA_KPEA_K@std@@YAPEA_KPEA_K00@Z 000000018004d380 f i collisioncodegen_CollisionGeometry.obj
 0001:0004c430       ??$_Copy_memmove@PEANPEAN@std@@YAPEANPEAN00@Z 000000018004d430 f i collisioncodegen_CollisionGeometry.obj
 0001:0004c4d0       ??$_Copy_memmove@PEA_KPEA_K@std@@YAPEA_KPEA_K00@Z 000000018004d4d0 f i collisioncodegen_CollisionGeometry.obj
 0001:0004c570       ??$_Deallocate@$0BA@$0A@@std@@YAXPEAX_K@Z 000000018004d570 f i collisioncodegen_CollisionGeometry.obj
 0001:0004c5b0       ??$_Destroy_range@V?$allocator@N@std@@@std@@YAXPEANQEANAEAV?$allocator@N@0@@Z 000000018004d5b0 f i collisioncodegen_CollisionGeometry.obj
 0001:0004c5c0       ??$_Destroy_range@V?$allocator@U_ccd_vec3_t@@@std@@@std@@YAXPEAU_ccd_vec3_t@@QEAU1@AEAV?$allocator@U_ccd_vec3_t@@@0@@Z 000000018004d5c0 f i collisioncodegen_CollisionGeometry.obj
 0001:0004c5d0       ??$_Destroy_range@V?$allocator@U_idx_vec3_t@shared_robotics@@@std@@@std@@YAXPEAU_idx_vec3_t@shared_robotics@@QEAU12@AEAV?$allocator@U_idx_vec3_t@shared_robotics@@@0@@Z 000000018004d5d0 f i collisioncodegen_CollisionGeometry.obj
 0001:0004c5e0       ??$_Destroy_range@V?$allocator@V?$vector@_KV?$allocator@_K@std@@@std@@@std@@@std@@YAXPEAV?$vector@_KV?$allocator@_K@std@@@0@QEAV10@AEAV?$allocator@V?$vector@_KV?$allocator@_K@std@@@std@@@0@@Z 000000018004d5e0 f i collisioncodegen_CollisionGeometry.obj
 0001:0004c630       ??$_Destroy_range@V?$allocator@_K@std@@@std@@YAXPEA_KQEA_KAEAV?$allocator@_K@0@@Z 000000018004d630 f i collisioncodegen_CollisionGeometry.obj
 0001:0004c640       ??$_Emplace_back@$$V@?$_Uninitialized_backout_al@V?$allocator@V?$vector@_KV?$allocator@_K@std@@@std@@@std@@@std@@QEAAXXZ 000000018004d640 f i collisioncodegen_CollisionGeometry.obj
 0001:0004c690       ??$_Emplace_back@$$V@?$_Uninitialized_backout_al@V?$allocator@_K@std@@@std@@QEAAXXZ 000000018004d690 f i collisioncodegen_CollisionGeometry.obj
 0001:0004c6e0       ??$_Emplace_back@N@?$_Uninitialized_backout_al@V?$allocator@N@std@@@std@@QEAAX$$QEAN@Z 000000018004d6e0 f i collisioncodegen_CollisionGeometry.obj
 0001:0004c740       ??$_Emplace_back@V?$vector@_KV?$allocator@_K@std@@@std@@@?$_Uninitialized_backout_al@V?$allocator@V?$vector@_KV?$allocator@_K@std@@@std@@@std@@@std@@QEAAX$$QEAV?$vector@_KV?$allocator@_K@std@@@1@@Z 000000018004d740 f i collisioncodegen_CollisionGeometry.obj
 0001:0004c7a0       ??$_Emplace_back@_K@?$_Uninitialized_backout_al@V?$allocator@_K@std@@@std@@QEAAX$$QEA_K@Z 000000018004d7a0 f i collisioncodegen_CollisionGeometry.obj
 0001:0004c800       ??$_Emplace_back_with_unused_capacity@AEB_K@?$vector@_KV?$allocator@_K@std@@@std@@AEAAAEA_KAEB_K@Z 000000018004d800 f i collisioncodegen_CollisionGeometry.obj
 0001:0004c890       ??$_Emplace_back_with_unused_capacity@N@?$vector@NV?$allocator@N@std@@@std@@AEAAAEAN$$QEAN@Z 000000018004d890 f i collisioncodegen_CollisionGeometry.obj
 0001:0004c920       ??$_Emplace_one_at_back@AEB_K@?$vector@_KV?$allocator@_K@std@@@std@@AEAAAEA_KAEB_K@Z 000000018004d920 f i collisioncodegen_CollisionGeometry.obj
 0001:0004c9a0       ??$_Emplace_one_at_back@N@?$vector@NV?$allocator@N@std@@@std@@AEAAAEAN$$QEAN@Z 000000018004d9a0 f i collisioncodegen_CollisionGeometry.obj
 0001:0004ca20       ??$_Emplace_reallocate@AEB_K@?$vector@_KV?$allocator@_K@std@@@std@@AEAAPEA_KQEA_KAEB_K@Z 000000018004da20 f i collisioncodegen_CollisionGeometry.obj
 0001:0004cc30       ??$_Emplace_reallocate@N@?$vector@NV?$allocator@N@std@@@std@@AEAAPEANQEAN$$QEAN@Z 000000018004dc30 f i collisioncodegen_CollisionGeometry.obj
 0001:0004ce40       ??$_Get_size_of_n@$07@std@@YA_K_K@Z 000000018004de40 f i collisioncodegen_CollisionGeometry.obj
 0001:0004ce90       ??$_Get_size_of_n@$0BI@@std@@YA_K_K@Z 000000018004de90 f i collisioncodegen_CollisionGeometry.obj
 0001:0004ced0       ??$_Get_unwrapped@AEAV?$_Vector_iterator@V?$_Vector_val@U?$_Simple_types@N@std@@@std@@@std@@@std@@YA?A_TAEAV?$_Vector_iterator@V?$_Vector_val@U?$_Simple_types@N@std@@@std@@@0@@Z 000000018004ded0 f i collisioncodegen_CollisionGeometry.obj
 0001:0004cef0       ??$_Get_unwrapped@AEAV?$_Vector_iterator@V?$_Vector_val@U?$_Simple_types@_K@std@@@std@@@std@@@std@@YA?A_TAEAV?$_Vector_iterator@V?$_Vector_val@U?$_Simple_types@_K@std@@@std@@@0@@Z 000000018004def0 f i collisioncodegen_CollisionGeometry.obj
 0001:0004cf10       ??$_Get_unwrapped@AEBQEAN@std@@YA?A_TAEBQEAN@Z 000000018004df10 f i collisioncodegen_CollisionGeometry.obj
 0001:0004cf20       ??$_Get_unwrapped@AEBQEAV?$vector@_KV?$allocator@_K@std@@@std@@@std@@YA?A_TAEBQEAV?$vector@_KV?$allocator@_K@std@@@0@@Z 000000018004df20 f i collisioncodegen_CollisionGeometry.obj
 0001:0004cf30       ??$_Get_unwrapped@AEBQEA_K@std@@YA?A_TAEBQEA_K@Z 000000018004df30 f i collisioncodegen_CollisionGeometry.obj
 0001:0004cf40       ??$_Get_unwrapped@AEBV?$_Vector_iterator@V?$_Vector_val@U?$_Simple_types@_K@std@@@std@@@std@@@std@@YA?A_TAEBV?$_Vector_iterator@V?$_Vector_val@U?$_Simple_types@_K@std@@@std@@@0@@Z 000000018004df40 f i collisioncodegen_CollisionGeometry.obj
 0001:0004cf60       ??$_Guess_median_unchecked@PEA_KU?$less@X@std@@@std@@YAXPEA_K00U?$less@X@0@@Z 000000018004df60 f i collisioncodegen_CollisionGeometry.obj
 0001:0004d0c0       ??$_Insertion_sort_unchecked@PEA_KU?$less@X@std@@@std@@YAPEA_KQEA_K0U?$less@X@0@@Z 000000018004e0c0 f i collisioncodegen_CollisionGeometry.obj
 0001:0004d200       ??$_Make_heap_unchecked@PEA_KU?$less@X@std@@@std@@YAXPEA_K0U?$less@X@0@@Z 000000018004e200 f i collisioncodegen_CollisionGeometry.obj
 0001:0004d2a0       ??$_Max_element_unchecked@PEANU?$less@X@std@@@std@@YAPEANPEAN0U?$less@X@0@@Z 000000018004e2a0 f i collisioncodegen_CollisionGeometry.obj
 0001:0004d320       ??$_Med3_unchecked@PEA_KU?$less@X@std@@@std@@YAXPEA_K00U?$less@X@0@@Z 000000018004e320 f i collisioncodegen_CollisionGeometry.obj
 0001:0004d3c0       ??$_Move_backward_unchecked@PEA_KPEA_K@std@@YAPEA_KPEA_K00@Z 000000018004e3c0 f i collisioncodegen_CollisionGeometry.obj
 0001:0004d440       ??$_Move_unchecked@PEA_KPEA_K@std@@YAPEA_KPEA_K00@Z 000000018004e440 f i collisioncodegen_CollisionGeometry.obj
 0001:0004d4c0       ??$_Next_iter@PEA_K@std@@YAPEA_KPEA_K@Z 000000018004e4c0 f i collisioncodegen_CollisionGeometry.obj
 0001:0004d4e0       ??$_Partition_by_median_guess_unchecked@PEA_KU?$less@X@std@@@std@@YA?AU?$pair@PEA_KPEA_K@0@PEA_K0U?$less@X@0@@Z 000000018004e4e0 f i collisioncodegen_CollisionGeometry.obj
 0001:0004d8a0       ??$_Pass_fn@U?$less@X@std@@$0A@@std@@YA?AU?$less@X@0@U10@@Z 000000018004e8a0 f i collisioncodegen_CollisionGeometry.obj
 0001:0004d8b0       ??$_Pop_heap_hole_by_index@PEA_K_KU?$less@X@std@@@std@@YAXPEA_K_J1$$QEA_KU?$less@X@0@@Z 000000018004e8b0 f i collisioncodegen_CollisionGeometry.obj
 0001:0004da10       ??$_Pop_heap_hole_unchecked@PEA_K_KU?$less@X@std@@@std@@YAXPEA_K00$$QEA_KU?$less@X@0@@Z 000000018004ea10 f i collisioncodegen_CollisionGeometry.obj
 0001:0004da80       ??$_Pop_heap_unchecked@PEA_KU?$less@X@std@@@std@@YAXPEA_K0U?$less@X@0@@Z 000000018004ea80 f i collisioncodegen_CollisionGeometry.obj
 0001:0004db00       ??$_Prev_iter@PEA_K@std@@YAPEA_KPEA_K@Z 000000018004eb00 f i collisioncodegen_CollisionGeometry.obj
 0001:0004db20       ??$_Push_heap_by_index@PEA_K_KU?$less@X@std@@@std@@YAXPEA_K_J1$$QEA_KU?$less@X@0@@Z 000000018004eb20 f i collisioncodegen_CollisionGeometry.obj
 0001:0004dbe0       ??$_Refancy@PEAN$0A@@std@@YAPEANPEAN@Z 000000018004ebe0 f i collisioncodegen_CollisionGeometry.obj
 0001:0004dbf0       ??$_Refancy@PEA_K$0A@@std@@YAPEA_KPEA_K@Z 000000018004ebf0 f i collisioncodegen_CollisionGeometry.obj
 0001:0004dc00       ??$_Resize@U_Value_init_tag@std@@@?$vector@V?$vector@_KV?$allocator@_K@std@@@std@@V?$allocator@V?$vector@_KV?$allocator@_K@std@@@std@@@2@@std@@AEAAX_KAEBU_Value_init_tag@1@@Z 000000018004ec00 f i collisioncodegen_CollisionGeometry.obj
 0001:0004dd70       ??$_Resize@U_Value_init_tag@std@@@?$vector@_KV?$allocator@_K@std@@@std@@AEAAX_KAEBU_Value_init_tag@1@@Z 000000018004ed70 f i collisioncodegen_CollisionGeometry.obj
 0001:0004dee0       ??$_Resize_reallocate@U_Value_init_tag@std@@@?$vector@V?$vector@_KV?$allocator@_K@std@@@std@@V?$allocator@V?$vector@_KV?$allocator@_K@std@@@std@@@2@@std@@AEAAX_KAEBU_Value_init_tag@1@@Z 000000018004eee0 f i collisioncodegen_CollisionGeometry.obj
 0001:0004e030       ??$_Resize_reallocate@U_Value_init_tag@std@@@?$vector@_KV?$allocator@_K@std@@@std@@AEAAX_KAEBU_Value_init_tag@1@@Z 000000018004f030 f i collisioncodegen_CollisionGeometry.obj
 0001:0004e180       ??$_Seek_wrapped@V?$_Vector_iterator@V?$_Vector_val@U?$_Simple_types@N@std@@@std@@@std@@PEAN@std@@YAXAEAV?$_Vector_iterator@V?$_Vector_val@U?$_Simple_types@N@std@@@std@@@0@$$QEAPEAN@Z 000000018004f180 f i collisioncodegen_CollisionGeometry.obj
 0001:0004e1b0       ??$_Seek_wrapped@V?$_Vector_iterator@V?$_Vector_val@U?$_Simple_types@_K@std@@@std@@@std@@AEAPEA_K@std@@YAXAEAV?$_Vector_iterator@V?$_Vector_val@U?$_Simple_types@_K@std@@@std@@@0@AEAPEA_K@Z 000000018004f1b0 f i collisioncodegen_CollisionGeometry.obj
 0001:0004e1e0       ??$_Seek_wrapped@V?$_Vector_iterator@V?$_Vector_val@U?$_Simple_types@_K@std@@@std@@@std@@AEBQEA_K@std@@YAXAEAV?$_Vector_iterator@V?$_Vector_val@U?$_Simple_types@_K@std@@@std@@@0@AEBQEA_K@Z 000000018004f1e0 f i collisioncodegen_CollisionGeometry.obj
 0001:0004e210       ??$_Sort_heap_unchecked@PEA_KU?$less@X@std@@@std@@YAXPEA_K0U?$less@X@0@@Z 000000018004f210 f i collisioncodegen_CollisionGeometry.obj
 0001:0004e270       ??$_Sort_unchecked@PEA_KU?$less@X@std@@@std@@YAXPEA_K0_JU?$less@X@0@@Z 000000018004f270 f i collisioncodegen_CollisionGeometry.obj
 0001:0004e3b0       ??$_To_address@PEAN@std@@YA?A_PAEBQEAN@Z 000000018004f3b0 f i collisioncodegen_CollisionGeometry.obj
 0001:0004e3c0       ??$_To_address@PEA_K@std@@YA?A_PAEBQEA_K@Z 000000018004f3c0 f i collisioncodegen_CollisionGeometry.obj
 0001:0004e3d0       ??$_Unfancy@N@std@@YAPEANPEAN@Z 000000018004f3d0 f i collisioncodegen_CollisionGeometry.obj
 0001:0004e3e0       ??$_Unfancy@V?$vector@_KV?$allocator@_K@std@@@std@@@std@@YAPEAV?$vector@_KV?$allocator@_K@std@@@0@PEAV10@@Z 000000018004f3e0 f i collisioncodegen_CollisionGeometry.obj
 0001:0004e3f0       ??$_Unfancy@_K@std@@YAPEA_KPEA_K@Z 000000018004f3f0 f i collisioncodegen_CollisionGeometry.obj
 0001:0004e400       ??$_Uninitialized_move@PEANV?$allocator@N@std@@@std@@YAPEANQEAN0PEANAEAV?$allocator@N@0@@Z 000000018004f400 f i collisioncodegen_CollisionGeometry.obj
 0001:0004e4e0       ??$_Uninitialized_move@PEAV?$vector@_KV?$allocator@_K@std@@@std@@V?$allocator@V?$vector@_KV?$allocator@_K@std@@@std@@@2@@std@@YAPEAV?$vector@_KV?$allocator@_K@std@@@0@QEAV10@0PEAV10@AEAV?$allocator@V?$vector@_KV?$allocator@_K@std@@@std@@@0@@Z 000000018004f4e0 f i collisioncodegen_CollisionGeometry.obj
 0001:0004e590       ??$_Uninitialized_move@PEA_KV?$allocator@_K@std@@@std@@YAPEA_KQEA_K0PEA_KAEAV?$allocator@_K@0@@Z 000000018004f590 f i collisioncodegen_CollisionGeometry.obj
 0001:0004e670       ??$_Uninitialized_value_construct_n@V?$allocator@V?$vector@_KV?$allocator@_K@std@@@std@@@std@@@std@@YAPEAV?$vector@_KV?$allocator@_K@std@@@0@PEAV10@_KAEAV?$allocator@V?$vector@_KV?$allocator@_K@std@@@std@@@0@@Z 000000018004f670 f i collisioncodegen_CollisionGeometry.obj
 0001:0004e6e0       ??$_Uninitialized_value_construct_n@V?$allocator@_K@std@@@std@@YAPEA_KPEA_K_KAEAV?$allocator@_K@0@@Z 000000018004f6e0 f i collisioncodegen_CollisionGeometry.obj
 0001:0004e790       ??$_Voidify_iter@PEAN@std@@YAPEAXPEAN@Z 000000018004f790 f i collisioncodegen_CollisionGeometry.obj
 0001:0004e7a0       ??$_Voidify_iter@PEAV?$vector@_KV?$allocator@_K@std@@@std@@@std@@YAPEAXPEAV?$vector@_KV?$allocator@_K@std@@@0@@Z 000000018004f7a0 f i collisioncodegen_CollisionGeometry.obj
 0001:0004e7b0       ??$_Voidify_iter@PEA_K@std@@YAPEAXPEA_K@Z 000000018004f7b0 f i collisioncodegen_CollisionGeometry.obj
 0001:0004e7c0       ??$_Zero_range@PEA_K@std@@YAPEA_KQEA_K0@Z 000000018004f7c0 f i collisioncodegen_CollisionGeometry.obj
 0001:0004e820       ??$addressof@N@std@@YAPEANAEAN@Z 000000018004f820 f i collisioncodegen_CollisionGeometry.obj
 0001:0004e830       ??$addressof@V?$_Vector_val@U?$_Simple_types@N@std@@@std@@@std@@YAPEAV?$_Vector_val@U?$_Simple_types@N@std@@@0@AEAV10@@Z 000000018004f830 f i collisioncodegen_CollisionGeometry.obj
 0001:0004e840       ??$addressof@V?$_Vector_val@U?$_Simple_types@_K@std@@@std@@@std@@YAPEAV?$_Vector_val@U?$_Simple_types@_K@std@@@0@AEAV10@@Z 000000018004f840 f i collisioncodegen_CollisionGeometry.obj
 0001:0004e850       ??$addressof@_K@std@@YAPEA_KAEA_K@Z 000000018004f850 f i collisioncodegen_CollisionGeometry.obj
 0001:0004e860       ??$construct@NN@?$_Default_allocator_traits@V?$allocator@N@std@@@std@@SAXAEAV?$allocator@N@1@QEAN$$QEAN@Z 000000018004f860 f i collisioncodegen_CollisionGeometry.obj
 0001:0004e8b0       ??$construct@V?$vector@_KV?$allocator@_K@std@@@std@@$$V@?$_Default_allocator_traits@V?$allocator@V?$vector@_KV?$allocator@_K@std@@@std@@@std@@@std@@SAXAEAV?$allocator@V?$vector@_KV?$allocator@_K@std@@@std@@@1@QEAV?$vector@_KV?$allocator@_K@std@@@1@@Z 000000018004f8b0 f i collisioncodegen_CollisionGeometry.obj
 0001:0004e8f0       ??$construct@V?$vector@_KV?$allocator@_K@std@@@std@@V12@@?$_Default_allocator_traits@V?$allocator@V?$vector@_KV?$allocator@_K@std@@@std@@@std@@@std@@SAXAEAV?$allocator@V?$vector@_KV?$allocator@_K@std@@@std@@@1@QEAV?$vector@_KV?$allocator@_K@std@@@1@$$QEAV31@@Z 000000018004f8f0 f i collisioncodegen_CollisionGeometry.obj
 0001:0004e940       ??$construct@_K$$V@?$_Default_allocator_traits@V?$allocator@_K@std@@@std@@SAXAEAV?$allocator@_K@1@QEA_K@Z 000000018004f940 f i collisioncodegen_CollisionGeometry.obj
 0001:0004e990       ??$construct@_KAEB_K@?$_Default_allocator_traits@V?$allocator@_K@std@@@std@@SAXAEAV?$allocator@_K@1@QEA_KAEB_K@Z 000000018004f990 f i collisioncodegen_CollisionGeometry.obj
 0001:0004e9e0       ??$construct@_K_K@?$_Default_allocator_traits@V?$allocator@_K@std@@@std@@SAXAEAV?$allocator@_K@1@QEA_K$$QEA_K@Z 000000018004f9e0 f i collisioncodegen_CollisionGeometry.obj
 0001:0004ea30       ??$destroy@V?$vector@_KV?$allocator@_K@std@@@std@@@?$_Default_allocator_traits@V?$allocator@V?$vector@_KV?$allocator@_K@std@@@std@@@std@@@std@@SAXAEAV?$allocator@V?$vector@_KV?$allocator@_K@std@@@std@@@1@QEAV?$vector@_KV?$allocator@_K@std@@@1@@Z 000000018004fa30 f i collisioncodegen_CollisionGeometry.obj
 0001:0004ea50       ??$endl@DU?$char_traits@D@std@@@std@@YAAEAV?$basic_ostream@DU?$char_traits@D@std@@@0@AEAV10@@Z 000000018004fa50 f i collisioncodegen_CollisionGeometry.obj
 0001:0004eaa0       ??$exchange@PEA_K$$T@std@@YAPEA_KAEAPEA_K$$QEA$$T@Z 000000018004faa0 f i collisioncodegen_CollisionGeometry.obj
 0001:0004eae0       ??$forward@AEAPEA_K@std@@YAAEAPEA_KAEAPEA_K@Z 000000018004fae0 f i collisioncodegen_CollisionGeometry.obj
 0001:0004eaf0       ??$forward@AEBQEA_K@std@@YAAEBQEA_KAEBQEA_K@Z 000000018004faf0 f i collisioncodegen_CollisionGeometry.obj
 0001:0004eb00       ??$forward@AEB_K@std@@YAAEB_KAEB_K@Z 000000018004fb00 f i collisioncodegen_CollisionGeometry.obj
 0001:0004eb10       ??$forward@N@std@@YA$$QEANAEAN@Z 000000018004fb10 f i collisioncodegen_CollisionGeometry.obj
 0001:0004eb20       ??$forward@PEAN@std@@YA$$QEAPEANAEAPEAN@Z 000000018004fb20 f i collisioncodegen_CollisionGeometry.obj
 0001:0004eb30       ??$forward@PEA_K@std@@YA$$QEAPEA_KAEAPEA_K@Z 000000018004fb30 f i collisioncodegen_CollisionGeometry.obj
 0001:0004eb40       ??$forward@V?$allocator@_K@std@@@std@@YA$$QEAV?$allocator@_K@0@AEAV10@@Z 000000018004fb40 f i collisioncodegen_CollisionGeometry.obj
 0001:0004eb50       ??$forward@V?$vector@_KV?$allocator@_K@std@@@std@@@std@@YA$$QEAV?$vector@_KV?$allocator@_K@std@@@0@AEAV10@@Z 000000018004fb50 f i collisioncodegen_CollisionGeometry.obj
 0001:0004eb60       ??$forward@_K@std@@YA$$QEA_KAEA_K@Z 000000018004fb60 f i collisioncodegen_CollisionGeometry.obj
 0001:0004eb70       ??$iter_swap@PEA_KPEA_K@std@@YAXPEA_K0@Z 000000018004fb70 f i collisioncodegen_CollisionGeometry.obj
 0001:0004eba0       ??$max_element@V?$_Vector_iterator@V?$_Vector_val@U?$_Simple_types@N@std@@@std@@@std@@@std@@YA?AV?$_Vector_iterator@V?$_Vector_val@U?$_Simple_types@N@std@@@std@@@0@V10@0@Z 000000018004fba0 f i collisioncodegen_CollisionGeometry.obj
 0001:0004ebf0       ??$max_element@V?$_Vector_iterator@V?$_Vector_val@U?$_Simple_types@N@std@@@std@@@std@@U?$less@X@2@@std@@YA?AV?$_Vector_iterator@V?$_Vector_val@U?$_Simple_types@N@std@@@std@@@0@V10@0U?$less@X@0@@Z 000000018004fbf0 f i collisioncodegen_CollisionGeometry.obj
 0001:0004ec80       ??$min@_K@std@@YAAEB_KAEB_K0@Z 000000018004fc80 f i collisioncodegen_CollisionGeometry.obj
 0001:0004ecd0       ??$move@AEAN@std@@YA$$QEANAEAN@Z 000000018004fcd0 f i collisioncodegen_CollisionGeometry.obj
 0001:0004ece0       ??$move@AEAV?$allocator@_K@std@@@std@@YA$$QEAV?$allocator@_K@0@AEAV10@@Z 000000018004fce0 f i collisioncodegen_CollisionGeometry.obj
 0001:0004ecf0       ??$move@AEAV?$vector@_KV?$allocator@_K@std@@@std@@@std@@YA$$QEAV?$vector@_KV?$allocator@_K@std@@@0@AEAV10@@Z 000000018004fcf0 f i collisioncodegen_CollisionGeometry.obj
 0001:0004ed00       ??$move@AEA_K@std@@YA$$QEA_KAEA_K@Z 000000018004fd00 f i collisioncodegen_CollisionGeometry.obj
 0001:0004ed10       ??$sort@V?$_Vector_iterator@V?$_Vector_val@U?$_Simple_types@_K@std@@@std@@@std@@@std@@YAXV?$_Vector_iterator@V?$_Vector_val@U?$_Simple_types@_K@std@@@std@@@0@0@Z 000000018004fd10 f i collisioncodegen_CollisionGeometry.obj
 0001:0004ed50       ??$sort@V?$_Vector_iterator@V?$_Vector_val@U?$_Simple_types@_K@std@@@std@@@std@@U?$less@X@2@@std@@YAXV?$_Vector_iterator@V?$_Vector_val@U?$_Simple_types@_K@std@@@std@@@0@0U?$less@X@0@@Z 000000018004fd50 f i collisioncodegen_CollisionGeometry.obj
 0001:0004edd0       ??$swap@_K$0A@@std@@YAXAEA_K0@Z 000000018004fdd0 f i collisioncodegen_CollisionGeometry.obj
 0001:0004ee20       ??$unique@V?$_Vector_iterator@V?$_Vector_val@U?$_Simple_types@_K@std@@@std@@@std@@@std@@YA?AV?$_Vector_iterator@V?$_Vector_val@U?$_Simple_types@_K@std@@@std@@@0@V10@0@Z 000000018004fe20 f i collisioncodegen_CollisionGeometry.obj
 0001:0004ee70       ??$unique@V?$_Vector_iterator@V?$_Vector_val@U?$_Simple_types@_K@std@@@std@@@std@@U?$equal_to@X@2@@std@@YA?AV?$_Vector_iterator@V?$_Vector_val@U?$_Simple_types@_K@std@@@std@@@0@V10@0U?$equal_to@X@0@@Z 000000018004fe70 f i collisioncodegen_CollisionGeometry.obj
 0001:0004efd0       ??0?$_Uninitialized_backout_al@V?$allocator@N@std@@@std@@QEAA@PEANAEAV?$allocator@N@1@@Z 000000018004ffd0 f i collisioncodegen_CollisionGeometry.obj
 0001:0004f010       ??0?$_Uninitialized_backout_al@V?$allocator@V?$vector@_KV?$allocator@_K@std@@@std@@@std@@@std@@QEAA@PEAV?$vector@_KV?$allocator@_K@std@@@1@AEAV?$allocator@V?$vector@_KV?$allocator@_K@std@@@std@@@1@@Z 0000000180050010 f i collisioncodegen_CollisionGeometry.obj
 0001:0004f050       ??0?$_Uninitialized_backout_al@V?$allocator@_K@std@@@std@@QEAA@PEA_KAEAV?$allocator@_K@1@@Z 0000000180050050 f i collisioncodegen_CollisionGeometry.obj
 0001:0004f090       ??0?$_Vector_const_iterator@V?$_Vector_val@U?$_Simple_types@N@std@@@std@@@std@@QEAA@PEANPEBU_Container_base0@1@@Z 0000000180050090 f i collisioncodegen_CollisionGeometry.obj
 0001:0004f0d0       ??0?$_Vector_const_iterator@V?$_Vector_val@U?$_Simple_types@_K@std@@@std@@@std@@QEAA@PEA_KPEBU_Container_base0@1@@Z 00000001800500d0 f i collisioncodegen_CollisionGeometry.obj
 0001:0004f110       ??0?$_Vector_iterator@V?$_Vector_val@U?$_Simple_types@N@std@@@std@@@std@@QEAA@PEANPEBU_Container_base0@1@@Z 0000000180050110 f i collisioncodegen_CollisionGeometry.obj
 0001:0004f150       ??0?$_Vector_iterator@V?$_Vector_val@U?$_Simple_types@_K@std@@@std@@@std@@QEAA@PEA_KPEBU_Container_base0@1@@Z 0000000180050150 f i collisioncodegen_CollisionGeometry.obj
 0001:0004f190       ??0?$_Vector_val@U?$_Simple_types@N@std@@@std@@QEAA@XZ 0000000180050190 f i collisioncodegen_CollisionGeometry.obj
 0001:0004f1d0       ??0?$_Vector_val@U?$_Simple_types@_K@std@@@std@@QEAA@PEA_K00@Z 00000001800501d0 f i collisioncodegen_CollisionGeometry.obj
 0001:0004f220       ??0?$_Vector_val@U?$_Simple_types@_K@std@@@std@@QEAA@XZ 0000000180050220 f i collisioncodegen_CollisionGeometry.obj
 0001:0004f260       ??0?$allocator@N@std@@QEAA@XZ 0000000180050260 f i collisioncodegen_CollisionGeometry.obj
 0001:0004f270       ??0?$allocator@_K@std@@QEAA@XZ 0000000180050270 f i collisioncodegen_CollisionGeometry.obj
 0001:0004f280       ??0?$vector@NV?$allocator@N@std@@@std@@QEAA@XZ 0000000180050280 f i collisioncodegen_CollisionGeometry.obj
 0001:0004f2c0       ??0?$vector@_KV?$allocator@_K@std@@@std@@QEAA@$$QEAV01@@Z 00000001800502c0 f i collisioncodegen_CollisionGeometry.obj
 0001:0004f3c0       ??0?$vector@_KV?$allocator@_K@std@@@std@@QEAA@XZ 00000001800503c0 f i collisioncodegen_CollisionGeometry.obj
 0001:0004f400       ??0_Sentry_base@?$basic_ostream@DU?$char_traits@D@std@@@std@@QEAA@AEAV12@@Z 0000000180050400 f i collisioncodegen_CollisionGeometry.obj
 0001:0004f470       ??0bad_alloc@std@@AEAA@QEBD@Z 0000000180050470 f i collisioncodegen_CollisionGeometry.obj
 0001:0004f4b0       ??0bad_alloc@std@@QEAA@AEBV01@@Z 00000001800504b0 f i collisioncodegen_CollisionGeometry.obj
 0001:0004f4f0       ??0bad_array_new_length@std@@QEAA@AEBV01@@Z 00000001800504f0 f i collisioncodegen_CollisionGeometry.obj
 0001:0004f530       ??0bad_array_new_length@std@@QEAA@XZ 0000000180050530 f i collisioncodegen_CollisionGeometry.obj
 0001:0004f570       ??0exception@std@@QEAA@AEBV01@@Z 0000000180050570 f i collisioncodegen_CollisionGeometry.obj
 0001:0004f5d0       ??0exception@std@@QEAA@QEBDH@Z 00000001800505d0 f i collisioncodegen_CollisionGeometry.obj
 0001:0004f620       ??0sentry@?$basic_ostream@DU?$char_traits@D@std@@@std@@QEAA@AEAV12@@Z 0000000180050620 f i collisioncodegen_CollisionGeometry.obj
 0001:0004f700       ??1?$_Uninitialized_backout_al@V?$allocator@N@std@@@std@@QEAA@XZ 0000000180050700 f i collisioncodegen_CollisionGeometry.obj
 0001:0004f730       ??1?$_Uninitialized_backout_al@V?$allocator@V?$vector@_KV?$allocator@_K@std@@@std@@@std@@@std@@QEAA@XZ 0000000180050730 f i collisioncodegen_CollisionGeometry.obj
 0001:0004f760       ??1?$_Uninitialized_backout_al@V?$allocator@_K@std@@@std@@QEAA@XZ 0000000180050760 f i collisioncodegen_CollisionGeometry.obj
 0001:0004f790       ??1?$vector@NV?$allocator@N@std@@@std@@QEAA@XZ 0000000180050790 f i collisioncodegen_CollisionGeometry.obj
 0001:0004f7b0       ??1?$vector@U_ccd_vec3_t@@V?$allocator@U_ccd_vec3_t@@@std@@@std@@QEAA@XZ 00000001800507b0 f i collisioncodegen_CollisionGeometry.obj
 0001:0004f7d0       ??1?$vector@U_idx_vec3_t@shared_robotics@@V?$allocator@U_idx_vec3_t@shared_robotics@@@std@@@std@@QEAA@XZ 00000001800507d0 f i collisioncodegen_CollisionGeometry.obj
 0001:0004f7f0       ??1?$vector@V?$vector@_KV?$allocator@_K@std@@@std@@V?$allocator@V?$vector@_KV?$allocator@_K@std@@@std@@@2@@std@@QEAA@XZ 00000001800507f0 f i collisioncodegen_CollisionGeometry.obj
 0001:0004f810       ??1?$vector@_KV?$allocator@_K@std@@@std@@QEAA@XZ 0000000180050810 f i collisioncodegen_CollisionGeometry.obj
 0001:0004f830       ??1_Sentry_base@?$basic_ostream@DU?$char_traits@D@std@@@std@@QEAA@XZ 0000000180050830 f i collisioncodegen_CollisionGeometry.obj
 0001:0004f890       ??1bad_alloc@std@@UEAA@XZ  0000000180050890 f i collisioncodegen_CollisionGeometry.obj
 0001:0004f8b0       ??1bad_array_new_length@std@@UEAA@XZ 00000001800508b0 f i collisioncodegen_CollisionGeometry.obj
 0001:0004f8d0       ??1exception@std@@UEAA@XZ  00000001800508d0 f i collisioncodegen_CollisionGeometry.obj
 0001:0004f900       ??1sentry@?$basic_ostream@DU?$char_traits@D@std@@@std@@QEAA@XZ 0000000180050900 f i collisioncodegen_CollisionGeometry.obj
 0001:0004f960       ??2@YAPEAX_KPEAX@Z         0000000180050960 f i collisioncodegen_CollisionGeometry.obj
 0001:0004f970       ??A?$vector@U_ccd_vec3_t@@V?$allocator@U_ccd_vec3_t@@@std@@@std@@QEBAAEBU_ccd_vec3_t@@_K@Z 0000000180050970 f i collisioncodegen_CollisionGeometry.obj
 0001:0004f9a0       ??A?$vector@U_idx_vec3_t@shared_robotics@@V?$allocator@U_idx_vec3_t@shared_robotics@@@std@@@std@@QEAAAEAU_idx_vec3_t@shared_robotics@@_K@Z 00000001800509a0 f i collisioncodegen_CollisionGeometry.obj
 0001:0004f9d0       ??A?$vector@V?$vector@_KV?$allocator@_K@std@@@std@@V?$allocator@V?$vector@_KV?$allocator@_K@std@@@std@@@2@@std@@QEAAAEAV?$vector@_KV?$allocator@_K@std@@@1@_K@Z 00000001800509d0 f i collisioncodegen_CollisionGeometry.obj
 0001:0004fa00       ??A?$vector@V?$vector@_KV?$allocator@_K@std@@@std@@V?$allocator@V?$vector@_KV?$allocator@_K@std@@@std@@@2@@std@@QEBAAEBV?$vector@_KV?$allocator@_K@std@@@1@_K@Z 0000000180050a00 f i collisioncodegen_CollisionGeometry.obj
 0001:0004fa30       ??A?$vector@_KV?$allocator@_K@std@@@std@@QEBAAEB_K_K@Z 0000000180050a30 f i collisioncodegen_CollisionGeometry.obj
 0001:0004fa60       ??Bsentry@?$basic_ostream@DU?$char_traits@D@std@@@std@@QEBA_NXZ 0000000180050a60 f i collisioncodegen_CollisionGeometry.obj
 0001:0004fa70       ??G?$_Vector_const_iterator@V?$_Vector_val@U?$_Simple_types@N@std@@@std@@@std@@QEBA_JAEBV01@@Z 0000000180050a70 f i collisioncodegen_CollisionGeometry.obj
 0001:0004fab0       ??_G?$vector@_KV?$allocator@_K@std@@@std@@QEAAPEAXI@Z 0000000180050ab0 f i collisioncodegen_CollisionGeometry.obj
 0001:0004faf0       ??_ECollisionGeometry@shared_robotics@@UEAAPEAXI@Z 0000000180050af0 f i collisioncodegen_CollisionGeometry.obj
 0001:0004faf0       ??_GCollisionGeometry@shared_robotics@@UEAAPEAXI@Z 0000000180050af0 f i collisioncodegen_CollisionGeometry.obj
 0001:0004fb30       ??_Ebad_alloc@std@@UEAAPEAXI@Z 0000000180050b30 f i collisioncodegen_CollisionGeometry.obj
 0001:0004fb30       ??_Gbad_alloc@std@@UEAAPEAXI@Z 0000000180050b30 f i collisioncodegen_CollisionGeometry.obj
 0001:0004fb70       ??_Ebad_array_new_length@std@@UEAAPEAXI@Z 0000000180050b70 f i collisioncodegen_CollisionGeometry.obj
 0001:0004fb70       ??_Gbad_array_new_length@std@@UEAAPEAXI@Z 0000000180050b70 f i collisioncodegen_CollisionGeometry.obj
 0001:0004fbb0       ??_Eexception@std@@UEAAPEAXI@Z 0000000180050bb0 f i collisioncodegen_CollisionGeometry.obj
 0001:0004fbb0       ??_Gexception@std@@UEAAPEAXI@Z 0000000180050bb0 f i collisioncodegen_CollisionGeometry.obj
 0001:0004fbf0       ?_Adjust_manually_vector_aligned@std@@YAXAEAPEAXAEA_K@Z 0000000180050bf0 f i collisioncodegen_CollisionGeometry.obj
 0001:0004fc90       ?_Adopt@_Iterator_base0@std@@QEAAXPEBX@Z 0000000180050c90 f i collisioncodegen_CollisionGeometry.obj
 0001:0004fca0       ?_Alloc_proxy@_Container_base0@std@@QEAAXAEBU_Fake_allocator@2@@Z 0000000180050ca0 f i collisioncodegen_CollisionGeometry.obj
 0001:0004fcb0       ?_Allocate@_Default_allocate_traits@std@@SAPEAX_K@Z 0000000180050cb0 f i collisioncodegen_CollisionGeometry.obj
 0001:0004fcd0       ?_Calculate_growth@?$vector@NV?$allocator@N@std@@@std@@AEBA_K_K@Z 0000000180050cd0 f i collisioncodegen_CollisionGeometry.obj
 0001:0004fd60       ?_Calculate_growth@?$vector@V?$vector@_KV?$allocator@_K@std@@@std@@V?$allocator@V?$vector@_KV?$allocator@_K@std@@@std@@@2@@std@@AEBA_K_K@Z 0000000180050d60 f i collisioncodegen_CollisionGeometry.obj
 0001:0004fdf0       ?_Calculate_growth@?$vector@_KV?$allocator@_K@std@@@std@@AEBA_K_K@Z 0000000180050df0 f i collisioncodegen_CollisionGeometry.obj
 0001:0004fe80       ?_Change_array@?$vector@NV?$allocator@N@std@@@std@@AEAAXQEAN_K1@Z 0000000180050e80 f i collisioncodegen_CollisionGeometry.obj
 0001:0004ff70       ?_Change_array@?$vector@V?$vector@_KV?$allocator@_K@std@@@std@@V?$allocator@V?$vector@_KV?$allocator@_K@std@@@std@@@2@@std@@AEAAXQEAV?$vector@_KV?$allocator@_K@std@@@2@_K1@Z 0000000180050f70 f i collisioncodegen_CollisionGeometry.obj
 0001:00050070       ?_Change_array@?$vector@_KV?$allocator@_K@std@@@std@@AEAAXQEA_K_K1@Z 0000000180051070 f i collisioncodegen_CollisionGeometry.obj
 0001:00050160       ?_Compat@?$_Vector_const_iterator@V?$_Vector_val@U?$_Simple_types@N@std@@@std@@@std@@QEBAXAEBV12@@Z 0000000180051160 f i collisioncodegen_CollisionGeometry.obj
 0001:00050170       ?_Get_first@?$_Compressed_pair@V?$allocator@N@std@@V?$_Vector_val@U?$_Simple_types@N@std@@@2@$00@std@@QEAAAEAV?$allocator@N@2@XZ 0000000180051170 f i collisioncodegen_CollisionGeometry.obj
 0001:00050180       ?_Get_first@?$_Compressed_pair@V?$allocator@N@std@@V?$_Vector_val@U?$_Simple_types@N@std@@@2@$00@std@@QEBAAEBV?$allocator@N@2@XZ 0000000180051180 f i collisioncodegen_CollisionGeometry.obj
 0001:00050190       ?_Get_first@?$_Compressed_pair@V?$allocator@U_ccd_vec3_t@@@std@@V?$_Vector_val@U?$_Simple_types@U_ccd_vec3_t@@@std@@@2@$00@std@@QEAAAEAV?$allocator@U_ccd_vec3_t@@@2@XZ 0000000180051190 f i collisioncodegen_CollisionGeometry.obj
 0001:000501a0       ?_Get_first@?$_Compressed_pair@V?$allocator@U_idx_vec3_t@shared_robotics@@@std@@V?$_Vector_val@U?$_Simple_types@U_idx_vec3_t@shared_robotics@@@std@@@2@$00@std@@QEAAAEAV?$allocator@U_idx_vec3_t@shared_robotics@@@2@XZ 00000001800511a0 f i collisioncodegen_CollisionGeometry.obj
 0001:000501b0       ?_Get_first@?$_Compressed_pair@V?$allocator@V?$vector@_KV?$allocator@_K@std@@@std@@@std@@V?$_Vector_val@U?$_Simple_types@V?$vector@_KV?$allocator@_K@std@@@std@@@std@@@2@$00@std@@QEAAAEAV?$allocator@V?$vector@_KV?$allocator@_K@std@@@std@@@2@XZ 00000001800511b0 f i collisioncodegen_CollisionGeometry.obj
 0001:000501c0       ?_Get_first@?$_Compressed_pair@V?$allocator@V?$vector@_KV?$allocator@_K@std@@@std@@@std@@V?$_Vector_val@U?$_Simple_types@V?$vector@_KV?$allocator@_K@std@@@std@@@std@@@2@$00@std@@QEBAAEBV?$allocator@V?$vector@_KV?$allocator@_K@std@@@std@@@2@XZ 00000001800511c0 f i collisioncodegen_CollisionGeometry.obj
 0001:000501d0       ?_Get_first@?$_Compressed_pair@V?$allocator@_K@std@@V?$_Vector_val@U?$_Simple_types@_K@std@@@2@$00@std@@QEAAAEAV?$allocator@_K@2@XZ 00000001800511d0 f i collisioncodegen_CollisionGeometry.obj
 0001:000501e0       ?_Get_first@?$_Compressed_pair@V?$allocator@_K@std@@V?$_Vector_val@U?$_Simple_types@_K@std@@@2@$00@std@@QEBAAEBV?$allocator@_K@2@XZ 00000001800511e0 f i collisioncodegen_CollisionGeometry.obj
 0001:000501f0       ?_Getal@?$vector@NV?$allocator@N@std@@@std@@AEAAAEAV?$allocator@N@2@XZ 00000001800511f0 f i collisioncodegen_CollisionGeometry.obj
 0001:00050210       ?_Getal@?$vector@NV?$allocator@N@std@@@std@@AEBAAEBV?$allocator@N@2@XZ 0000000180051210 f i collisioncodegen_CollisionGeometry.obj
 0001:00050230       ?_Getal@?$vector@U_ccd_vec3_t@@V?$allocator@U_ccd_vec3_t@@@std@@@std@@AEAAAEAV?$allocator@U_ccd_vec3_t@@@2@XZ 0000000180051230 f i collisioncodegen_CollisionGeometry.obj
 0001:00050250       ?_Getal@?$vector@U_idx_vec3_t@shared_robotics@@V?$allocator@U_idx_vec3_t@shared_robotics@@@std@@@std@@AEAAAEAV?$allocator@U_idx_vec3_t@shared_robotics@@@2@XZ 0000000180051250 f i collisioncodegen_CollisionGeometry.obj
 0001:00050270       ?_Getal@?$vector@V?$vector@_KV?$allocator@_K@std@@@std@@V?$allocator@V?$vector@_KV?$allocator@_K@std@@@std@@@2@@std@@AEAAAEAV?$allocator@V?$vector@_KV?$allocator@_K@std@@@std@@@2@XZ 0000000180051270 f i collisioncodegen_CollisionGeometry.obj
 0001:00050290       ?_Getal@?$vector@V?$vector@_KV?$allocator@_K@std@@@std@@V?$allocator@V?$vector@_KV?$allocator@_K@std@@@std@@@2@@std@@AEBAAEBV?$allocator@V?$vector@_KV?$allocator@_K@std@@@std@@@2@XZ 0000000180051290 f i collisioncodegen_CollisionGeometry.obj
 0001:000502b0       ?_Getal@?$vector@_KV?$allocator@_K@std@@@std@@AEAAAEAV?$allocator@_K@2@XZ 00000001800512b0 f i collisioncodegen_CollisionGeometry.obj
 0001:000502d0       ?_Getal@?$vector@_KV?$allocator@_K@std@@@std@@AEBAAEBV?$allocator@_K@2@XZ 00000001800512d0 f i collisioncodegen_CollisionGeometry.obj
 0001:000502f0       ?_Orphan_all@_Container_base0@std@@QEAAXXZ 00000001800512f0 f i collisioncodegen_CollisionGeometry.obj
 0001:00050300       ?_Orphan_range@?$vector@NV?$allocator@N@std@@@std@@AEBAXPEAN0@Z 0000000180051300 f i collisioncodegen_CollisionGeometry.obj
 0001:00050310       ?_Orphan_range@?$vector@V?$vector@_KV?$allocator@_K@std@@@std@@V?$allocator@V?$vector@_KV?$allocator@_K@std@@@std@@@2@@std@@AEBAXPEAV?$vector@_KV?$allocator@_K@std@@@2@0@Z 0000000180051310 f i collisioncodegen_CollisionGeometry.obj
 0001:00050320       ?_Orphan_range@?$vector@_KV?$allocator@_K@std@@@std@@AEBAXPEA_K0@Z 0000000180051320 f i collisioncodegen_CollisionGeometry.obj
 0001:00050330       ?_Release@?$_Uninitialized_backout_al@V?$allocator@N@std@@@std@@QEAAPEANXZ 0000000180051330 f i collisioncodegen_CollisionGeometry.obj
 0001:00050350       ?_Release@?$_Uninitialized_backout_al@V?$allocator@V?$vector@_KV?$allocator@_K@std@@@std@@@std@@@std@@QEAAPEAV?$vector@_KV?$allocator@_K@std@@@2@XZ 0000000180051350 f i collisioncodegen_CollisionGeometry.obj
 0001:00050370       ?_Release@?$_Uninitialized_backout_al@V?$allocator@_K@std@@@std@@QEAAPEA_KXZ 0000000180051370 f i collisioncodegen_CollisionGeometry.obj
 0001:00050390       ?_Seek_to@?$_Vector_const_iterator@V?$_Vector_val@U?$_Simple_types@N@std@@@std@@@std@@QEAAXPEBN@Z 0000000180051390 f i collisioncodegen_CollisionGeometry.obj
 0001:000503c0       ?_Seek_to@?$_Vector_const_iterator@V?$_Vector_val@U?$_Simple_types@_K@std@@@std@@@std@@QEAAXPEB_K@Z 00000001800513c0 f i collisioncodegen_CollisionGeometry.obj
 0001:000503f0       ?_Swap_proxy_and_iterators@_Container_base0@std@@QEAAXAEAU12@@Z 00000001800513f0 f i collisioncodegen_CollisionGeometry.obj
 0001:00050400       ?_Throw_bad_array_new_length@std@@YAXXZ 0000000180051400 f i collisioncodegen_CollisionGeometry.obj
 0001:00050430       ?_Tidy@?$vector@NV?$allocator@N@std@@@std@@AEAAXXZ 0000000180051430 f i collisioncodegen_CollisionGeometry.obj
 0001:00050500       ?_Tidy@?$vector@U_ccd_vec3_t@@V?$allocator@U_ccd_vec3_t@@@std@@@std@@AEAAXXZ 0000000180051500 f i collisioncodegen_CollisionGeometry.obj
 0001:000505e0       ?_Tidy@?$vector@U_idx_vec3_t@shared_robotics@@V?$allocator@U_idx_vec3_t@shared_robotics@@@std@@@std@@AEAAXXZ 00000001800515e0 f i collisioncodegen_CollisionGeometry.obj
 0001:000506c0       ?_Tidy@?$vector@V?$vector@_KV?$allocator@_K@std@@@std@@V?$allocator@V?$vector@_KV?$allocator@_K@std@@@std@@@2@@std@@AEAAXXZ 00000001800516c0 f i collisioncodegen_CollisionGeometry.obj
 0001:000507a0       ?_Tidy@?$vector@_KV?$allocator@_K@std@@@std@@AEAAXXZ 00000001800517a0 f i collisioncodegen_CollisionGeometry.obj
 0001:00050870       ?_Unchecked_begin@?$vector@U_ccd_vec3_t@@V?$allocator@U_ccd_vec3_t@@@std@@@std@@QEBAPEBU_ccd_vec3_t@@XZ 0000000180051870 f i collisioncodegen_CollisionGeometry.obj
 0001:00050880       ?_Unchecked_end@?$vector@U_ccd_vec3_t@@V?$allocator@U_ccd_vec3_t@@@std@@@std@@QEBAPEBU_ccd_vec3_t@@XZ 0000000180051880 f i collisioncodegen_CollisionGeometry.obj
 0001:00050890       ?_Unwrapped@?$_Vector_iterator@V?$_Vector_val@U?$_Simple_types@N@std@@@std@@@std@@QEBAPEANXZ 0000000180051890 f i collisioncodegen_CollisionGeometry.obj
 0001:000508b0       ?_Unwrapped@?$_Vector_iterator@V?$_Vector_val@U?$_Simple_types@_K@std@@@std@@@std@@QEBAPEA_KXZ 00000001800518b0 f i collisioncodegen_CollisionGeometry.obj
 0001:000508d0       ?_Xlength@?$vector@NV?$allocator@N@std@@@std@@CAXXZ 00000001800518d0 f i collisioncodegen_CollisionGeometry.obj
 0001:000508f0       ?_Xlength@?$vector@V?$vector@_KV?$allocator@_K@std@@@std@@V?$allocator@V?$vector@_KV?$allocator@_K@std@@@std@@@2@@std@@CAXXZ 00000001800518f0 f i collisioncodegen_CollisionGeometry.obj
 0001:00050910       ?_Xlength@?$vector@_KV?$allocator@_K@std@@@std@@CAXXZ 0000000180051910 f i collisioncodegen_CollisionGeometry.obj
 0001:00050930       ?allocate@?$allocator@N@std@@QEAAPEAN_K@Z 0000000180051930 f i collisioncodegen_CollisionGeometry.obj
 0001:00050960       ?allocate@?$allocator@V?$vector@_KV?$allocator@_K@std@@@std@@@std@@QEAAPEAV?$vector@_KV?$allocator@_K@std@@@2@_K@Z 0000000180051960 f i collisioncodegen_CollisionGeometry.obj
 0001:00050990       ?allocate@?$allocator@_K@std@@QEAAPEA_K_K@Z 0000000180051990 f i collisioncodegen_CollisionGeometry.obj
 0001:000509c0       ?begin@?$vector@NV?$allocator@N@std@@@std@@QEAA?AV?$_Vector_iterator@V?$_Vector_val@U?$_Simple_types@N@std@@@std@@@2@XZ 00000001800519c0 f i collisioncodegen_CollisionGeometry.obj
 0001:00050a10       ?begin@?$vector@_KV?$allocator@_K@std@@@std@@QEAA?AV?$_Vector_iterator@V?$_Vector_val@U?$_Simple_types@_K@std@@@std@@@2@XZ 0000000180051a10 f i collisioncodegen_CollisionGeometry.obj
 0001:00050a60       ?capacity@?$vector@NV?$allocator@N@std@@@std@@QEBA_KXZ 0000000180051a60 f i collisioncodegen_CollisionGeometry.obj
 0001:00050a90       ?capacity@?$vector@V?$vector@_KV?$allocator@_K@std@@@std@@V?$allocator@V?$vector@_KV?$allocator@_K@std@@@std@@@2@@std@@QEBA_KXZ 0000000180051a90 f i collisioncodegen_CollisionGeometry.obj
 0001:00050ad0       ?capacity@?$vector@_KV?$allocator@_K@std@@@std@@QEBA_KXZ 0000000180051ad0 f i collisioncodegen_CollisionGeometry.obj
 0001:00050b00       ?clear@?$vector@_KV?$allocator@_K@std@@@std@@QEAAXXZ 0000000180051b00 f i collisioncodegen_CollisionGeometry.obj
 0001:00050b80       ?deallocate@?$allocator@N@std@@QEAAXQEAN_K@Z 0000000180051b80 f i collisioncodegen_CollisionGeometry.obj
 0001:00050bb0       ?deallocate@?$allocator@U_ccd_vec3_t@@@std@@QEAAXQEAU_ccd_vec3_t@@_K@Z 0000000180051bb0 f i collisioncodegen_CollisionGeometry.obj
 0001:00050be0       ?deallocate@?$allocator@U_idx_vec3_t@shared_robotics@@@std@@QEAAXQEAU_idx_vec3_t@shared_robotics@@_K@Z 0000000180051be0 f i collisioncodegen_CollisionGeometry.obj
 0001:00050c10       ?deallocate@?$allocator@V?$vector@_KV?$allocator@_K@std@@@std@@@std@@QEAAXQEAV?$vector@_KV?$allocator@_K@std@@@2@_K@Z 0000000180051c10 f i collisioncodegen_CollisionGeometry.obj
 0001:00050c40       ?deallocate@?$allocator@_K@std@@QEAAXQEA_K_K@Z 0000000180051c40 f i collisioncodegen_CollisionGeometry.obj
 0001:00050c70       ?end@?$vector@NV?$allocator@N@std@@@std@@QEAA?AV?$_Vector_iterator@V?$_Vector_val@U?$_Simple_types@N@std@@@std@@@2@XZ 0000000180051c70 f i collisioncodegen_CollisionGeometry.obj
 0001:00050cc0       ?end@?$vector@_KV?$allocator@_K@std@@@std@@QEAA?AV?$_Vector_iterator@V?$_Vector_val@U?$_Simple_types@_K@std@@@std@@@2@XZ 0000000180051cc0 f i collisioncodegen_CollisionGeometry.obj
 0001:00050d10       ?eof@?$_Narrow_char_traits@DH@std@@SAHXZ 0000000180051d10 f i collisioncodegen_CollisionGeometry.obj
 0001:00050d20       ?eq_int_type@?$_Narrow_char_traits@DH@std@@SA_NAEBH0@Z 0000000180051d20 f i collisioncodegen_CollisionGeometry.obj
 0001:00050d60       ?erase@?$vector@_KV?$allocator@_K@std@@@std@@QEAA?AV?$_Vector_iterator@V?$_Vector_val@U?$_Simple_types@_K@std@@@std@@@2@V?$_Vector_const_iterator@V?$_Vector_val@U?$_Simple_types@_K@std@@@std@@@2@0@Z 0000000180051d60 f i collisioncodegen_CollisionGeometry.obj
 0001:00050e40       ?length@?$_Narrow_char_traits@DH@std@@SA_KQEBD@Z 0000000180051e40 f i collisioncodegen_CollisionGeometry.obj
 0001:00050e60       ?max@?$numeric_limits@_J@std@@SA_JXZ 0000000180051e60 f i collisioncodegen_CollisionGeometry.obj
 0001:00050e70       ?max_size@?$_Default_allocator_traits@V?$allocator@N@std@@@std@@SA_KAEBV?$allocator@N@2@@Z 0000000180051e70 f i collisioncodegen_CollisionGeometry.obj
 0001:00050e80       ?max_size@?$_Default_allocator_traits@V?$allocator@V?$vector@_KV?$allocator@_K@std@@@std@@@std@@@std@@SA_KAEBV?$allocator@V?$vector@_KV?$allocator@_K@std@@@std@@@2@@Z 0000000180051e80 f i collisioncodegen_CollisionGeometry.obj
 0001:00050e90       ?max_size@?$_Default_allocator_traits@V?$allocator@_K@std@@@std@@SA_KAEBV?$allocator@_K@2@@Z 0000000180051e90 f i collisioncodegen_CollisionGeometry.obj
 0001:00050ea0       ?max_size@?$vector@NV?$allocator@N@std@@@std@@QEBA_KXZ 0000000180051ea0 f i collisioncodegen_CollisionGeometry.obj
 0001:00050ef0       ?max_size@?$vector@V?$vector@_KV?$allocator@_K@std@@@std@@V?$allocator@V?$vector@_KV?$allocator@_K@std@@@std@@@2@@std@@QEBA_KXZ 0000000180051ef0 f i collisioncodegen_CollisionGeometry.obj
 0001:00050f40       ?max_size@?$vector@_KV?$allocator@_K@std@@@std@@QEBA_KXZ 0000000180051f40 f i collisioncodegen_CollisionGeometry.obj
 0001:00050f90       ?push_back@?$vector@NV?$allocator@N@std@@@std@@QEAAX$$QEAN@Z 0000000180051f90 f i collisioncodegen_CollisionGeometry.obj
 0001:00050fc0       ?push_back@?$vector@_KV?$allocator@_K@std@@@std@@QEAAXAEB_K@Z 0000000180051fc0 f i collisioncodegen_CollisionGeometry.obj
 0001:00050ff0       ?resize@?$vector@V?$vector@_KV?$allocator@_K@std@@@std@@V?$allocator@V?$vector@_KV?$allocator@_K@std@@@std@@@2@@std@@QEAAX_K@Z 0000000180051ff0 f i collisioncodegen_CollisionGeometry.obj
 0001:00051020       ?resize@?$vector@_KV?$allocator@_K@std@@@std@@QEAAX_K@Z 0000000180052020 f i collisioncodegen_CollisionGeometry.obj
 0001:00051050       ?sign@CollisionGeometry@shared_robotics@@IEBAHN@Z 0000000180052050 f i collisioncodegen_CollisionGeometry.obj
 0001:000510a0       ?size@?$vector@_KV?$allocator@_K@std@@@std@@QEBA_KXZ 00000001800520a0 f i collisioncodegen_CollisionGeometry.obj
 0001:000510d0       ?what@exception@std@@UEBAPEBDXZ 00000001800520d0 f i collisioncodegen_CollisionGeometry.obj
 0001:00051180       collisioncodegen_makeBox   0000000180052180 f   collisioncodegen_api.obj
 0001:00051200       collisioncodegen_makeSphere 0000000180052200 f   collisioncodegen_api.obj
 0001:00051260       collisioncodegen_makeCylinder 0000000180052260 f   collisioncodegen_api.obj
 0001:000512d0       collisioncodegen_makeCapsule 00000001800522d0 f   collisioncodegen_api.obj
 0001:00051350       collisioncodegen_makeMesh  0000000180052350 f   collisioncodegen_api.obj
 0001:000513c0       collisioncodegen_intersect 00000001800523c0 f   collisioncodegen_api.obj
 0001:00051450       collisioncodegen_destructGeometry 0000000180052450 f   collisioncodegen_api.obj
 0001:000514b0       collisioncodegen_copyGeometry 00000001800524b0 f   collisioncodegen_api.obj
 0001:00051520       collisioncodegen_getVertices 0000000180052520 f   collisioncodegen_api.obj
 0001:000515f0       collisioncodegen_getNumVertices 00000001800525f0 f   collisioncodegen_api.obj
 0001:00051640       collisioncodegen_getX      0000000180052640 f   collisioncodegen_api.obj
 0001:00051660       collisioncodegen_getY      0000000180052660 f   collisioncodegen_api.obj
 0001:00051680       collisioncodegen_getZ      0000000180052680 f   collisioncodegen_api.obj
 0001:000516a0       collisioncodegen_getRadius 00000001800526a0 f   collisioncodegen_api.obj
 0001:000516c0       collisioncodegen_getLength 00000001800526c0 f   collisioncodegen_api.obj
 0001:000516e0       collisioncodegen_getType   00000001800526e0 f   collisioncodegen_api.obj
 0001:00051780       ??$?0$$V@?$_Compressed_pair@V?$allocator@D@std@@V?$_String_val@U?$_Simple_types@D@std@@@2@$00@std@@QEAA@U_Zero_then_variadic_args_t@1@@Z 0000000180052780 f i collisioncodegen_api.obj
 0001:000517b0       ??$?0$$V@?$_Compressed_pair@V?$allocator@U_ccd_vec3_t@@@std@@V?$_Vector_val@U?$_Simple_types@U_ccd_vec3_t@@@std@@@2@$00@std@@QEAA@U_Zero_then_variadic_args_t@1@@Z 00000001800527b0 f i collisioncodegen_api.obj
 0001:000517e0       ??$?0$$V@?$_Compressed_pair@V?$allocator@U_idx_vec3_t@shared_robotics@@@std@@V?$_Vector_val@U?$_Simple_types@U_idx_vec3_t@shared_robotics@@@std@@@2@$00@std@@QEAA@U_Zero_then_variadic_args_t@1@@Z 00000001800527e0 f i collisioncodegen_api.obj
 0001:00051810       ??$?0$$V@?$_Compressed_pair@V?$allocator@V?$vector@_KV?$allocator@_K@std@@@std@@@std@@V?$_Vector_val@U?$_Simple_types@V?$vector@_KV?$allocator@_K@std@@@std@@@std@@@2@$00@std@@QEAA@U_Zero_then_variadic_args_t@1@@Z 0000000180052810 f i collisioncodegen_api.obj
 0001:00051840       ??$?0V?$allocator@U_ccd_vec3_t@@@std@@$$V@?$_Compressed_pair@V?$allocator@U_ccd_vec3_t@@@std@@V?$_Vector_val@U?$_Simple_types@U_ccd_vec3_t@@@std@@@2@$00@std@@QEAA@U_One_then_variadic_args_t@1@$$QEAV?$allocator@U_ccd_vec3_t@@@1@@Z 0000000180052840 f i collisioncodegen_api.obj
 0001:00051880       ??$?0V?$allocator@U_idx_vec3_t@shared_robotics@@@std@@$$V@?$_Compressed_pair@V?$allocator@U_idx_vec3_t@shared_robotics@@@std@@V?$_Vector_val@U?$_Simple_types@U_idx_vec3_t@shared_robotics@@@std@@@2@$00@std@@QEAA@U_One_then_variadic_args_t@1@$$QEAV?$allocator@U_idx_vec3_t@shared_robotics@@@1@@Z 0000000180052880 f i collisioncodegen_api.obj
 0001:000518c0       ??$?0V?$allocator@V?$vector@_KV?$allocator@_K@std@@@std@@@std@@$$V@?$_Compressed_pair@V?$allocator@V?$vector@_KV?$allocator@_K@std@@@std@@@std@@V?$_Vector_val@U?$_Simple_types@V?$vector@_KV?$allocator@_K@std@@@std@@@std@@@2@$00@std@@QEAA@U_One_then_variadic_args_t@1@$$QEAV?$allocator@V?$vector@_KV?$allocator@_K@std@@@std@@@1@@Z 00000001800528c0 f i collisioncodegen_api.obj
 0001:00051900       ??$?0V?$allocator@_K@std@@$$V@?$_Compressed_pair@V?$allocator@_K@std@@V?$_Vector_val@U?$_Simple_types@_K@std@@@2@$00@std@@QEAA@U_One_then_variadic_args_t@1@$$QEAV?$allocator@_K@1@@Z 0000000180052900 f i collisioncodegen_api.obj
 0001:00051940       ??$_Construct@$00PEBD@?$basic_string@DU?$char_traits@D@std@@V?$allocator@D@2@@std@@AEAAXQEBD_K@Z 0000000180052940 f i collisioncodegen_api.obj
 0001:00051aa0       ??$_Construct_in_place@PEADAEBQEAD@std@@YAXAEAPEADAEBQEAD@Z 0000000180052aa0 f i collisioncodegen_api.obj
 0001:00051af0       ??$_Construct_in_place@U_ccd_vec3_t@@AEBU1@@std@@YAXAEAU_ccd_vec3_t@@AEBU1@@Z 0000000180052af0 f i collisioncodegen_api.obj
 0001:00051b50       ??$_Construct_n@AEBQEAU_ccd_vec3_t@@AEBQEAU1@@?$vector@U_ccd_vec3_t@@V?$allocator@U_ccd_vec3_t@@@std@@@std@@AEAAX_KAEBQEAU_ccd_vec3_t@@1@Z 0000000180052b50 f i collisioncodegen_api.obj
 0001:00051c30       ??$_Construct_n@AEBQEAU_idx_vec3_t@shared_robotics@@AEBQEAU12@@?$vector@U_idx_vec3_t@shared_robotics@@V?$allocator@U_idx_vec3_t@shared_robotics@@@std@@@std@@AEAAX_KAEBQEAU_idx_vec3_t@shared_robotics@@1@Z 0000000180052c30 f i collisioncodegen_api.obj
 0001:00051d10       ??$_Construct_n@AEBQEAV?$vector@_KV?$allocator@_K@std@@@std@@AEBQEAV12@@?$vector@V?$vector@_KV?$allocator@_K@std@@@std@@V?$allocator@V?$vector@_KV?$allocator@_K@std@@@std@@@2@@std@@AEAAX_KAEBQEAV?$vector@_KV?$allocator@_K@std@@@1@1@Z 0000000180052d10 f i collisioncodegen_api.obj
 0001:00051df0       ??$_Construct_n@AEBQEA_KAEBQEA_K@?$vector@_KV?$allocator@_K@std@@@std@@AEAAX_KAEBQEA_K1@Z 0000000180052df0 f i collisioncodegen_api.obj
 0001:00051ed0       ??$_Convert_size@_K_K@std@@YA_K_K@Z 0000000180052ed0 f i collisioncodegen_api.obj
 0001:00051ee0       ??$_Copy_memmove@PEAU_ccd_vec3_t@@PEAU1@@std@@YAPEAU_ccd_vec3_t@@PEAU1@00@Z 0000000180052ee0 f i collisioncodegen_api.obj
 0001:00051f80       ??$_Copy_memmove@PEAU_idx_vec3_t@shared_robotics@@PEAU12@@std@@YAPEAU_idx_vec3_t@shared_robotics@@PEAU12@00@Z 0000000180052f80 f i collisioncodegen_api.obj
 0001:00052020       ??$_Destroy_in_place@PEAD@std@@YAXAEAPEAD@Z 0000000180053020 f i collisioncodegen_api.obj
 0001:00052030       ??$_Emplace_back@AEAU_ccd_vec3_t@@@?$_Uninitialized_backout_al@V?$allocator@U_ccd_vec3_t@@@std@@@std@@QEAAXAEAU_ccd_vec3_t@@@Z 0000000180053030 f i collisioncodegen_api.obj
 0001:00052090       ??$_Emplace_back@AEAU_idx_vec3_t@shared_robotics@@@?$_Uninitialized_backout_al@V?$allocator@U_idx_vec3_t@shared_robotics@@@std@@@std@@QEAAXAEAU_idx_vec3_t@shared_robotics@@@Z 0000000180053090 f i collisioncodegen_api.obj
 0001:000520f0       ??$_Emplace_back@AEAV?$vector@_KV?$allocator@_K@std@@@std@@@?$_Uninitialized_backout_al@V?$allocator@V?$vector@_KV?$allocator@_K@std@@@std@@@std@@@std@@QEAAXAEAV?$vector@_KV?$allocator@_K@std@@@1@@Z 00000001800530f0 f i collisioncodegen_api.obj
 0001:00052150       ??$_Emplace_back@AEA_K@?$_Uninitialized_backout_al@V?$allocator@_K@std@@@std@@QEAAXAEA_K@Z 0000000180053150 f i collisioncodegen_api.obj
 0001:000521b0       ??$_Emplace_back@U_ccd_vec3_t@@@?$_Uninitialized_backout_al@V?$allocator@U_ccd_vec3_t@@@std@@@std@@QEAAX$$QEAU_ccd_vec3_t@@@Z 00000001800531b0 f i collisioncodegen_api.obj
 0001:00052210       ??$_Emplace_back_with_unused_capacity@AEBU_ccd_vec3_t@@@?$vector@U_ccd_vec3_t@@V?$allocator@U_ccd_vec3_t@@@std@@@std@@AEAAAEAU_ccd_vec3_t@@AEBU2@@Z 0000000180053210 f i collisioncodegen_api.obj
 0001:000522a0       ??$_Emplace_one_at_back@AEBU_ccd_vec3_t@@@?$vector@U_ccd_vec3_t@@V?$allocator@U_ccd_vec3_t@@@std@@@std@@AEAAAEAU_ccd_vec3_t@@AEBU2@@Z 00000001800532a0 f i collisioncodegen_api.obj
 0001:00052320       ??$_Emplace_reallocate@AEBU_ccd_vec3_t@@@?$vector@U_ccd_vec3_t@@V?$allocator@U_ccd_vec3_t@@@std@@@std@@AEAAPEAU_ccd_vec3_t@@QEAU2@AEBU2@@Z 0000000180053320 f i collisioncodegen_api.obj
 0001:00052540       ??$_Get_size_of_n@$00@std@@YA_K_K@Z 0000000180053540 f i collisioncodegen_api.obj
 0001:00052560       ??$_Get_unwrapped@AEBQEAU_ccd_vec3_t@@@std@@YA?A_TAEBQEAU_ccd_vec3_t@@@Z 0000000180053560 f i collisioncodegen_api.obj
 0001:00052570       ??$_Get_unwrapped@PEAU_ccd_vec3_t@@@std@@YA?A_T$$QEAPEAU_ccd_vec3_t@@@Z 0000000180053570 f i collisioncodegen_api.obj
 0001:00052580       ??$_Get_unwrapped@PEAU_idx_vec3_t@shared_robotics@@@std@@YA?A_T$$QEAPEAU_idx_vec3_t@shared_robotics@@@Z 0000000180053580 f i collisioncodegen_api.obj
 0001:00052590       ??$_Get_unwrapped@PEAV?$vector@_KV?$allocator@_K@std@@@std@@@std@@YA?A_T$$QEAPEAV?$vector@_KV?$allocator@_K@std@@@0@@Z 0000000180053590 f i collisioncodegen_api.obj
 0001:000525a0       ??$_Get_unwrapped@PEA_K@std@@YA?A_T$$QEAPEA_K@Z 00000001800535a0 f i collisioncodegen_api.obj
 0001:000525b0       ??$_To_address@PEAU_ccd_vec3_t@@@std@@YA?A_PAEBQEAU_ccd_vec3_t@@@Z 00000001800535b0 f i collisioncodegen_api.obj
 0001:000525c0       ??$_To_address@PEAU_idx_vec3_t@shared_robotics@@@std@@YA?A_PAEBQEAU_idx_vec3_t@shared_robotics@@@Z 00000001800535c0 f i collisioncodegen_api.obj
 0001:000525d0       ??$_Unfancy@D@std@@YAPEADPEAD@Z 00000001800535d0 f i collisioncodegen_api.obj
 0001:000525e0       ??$_Unfancy@U_ccd_vec3_t@@@std@@YAPEAU_ccd_vec3_t@@PEAU1@@Z 00000001800535e0 f i collisioncodegen_api.obj
 0001:000525f0       ??$_Unfancy@U_idx_vec3_t@shared_robotics@@@std@@YAPEAU_idx_vec3_t@shared_robotics@@PEAU12@@Z 00000001800535f0 f i collisioncodegen_api.obj
 0001:00052600       ??$_Uninitialized_copy@PEAU_ccd_vec3_t@@PEAU1@V?$allocator@U_ccd_vec3_t@@@std@@@std@@YAPEAU_ccd_vec3_t@@PEAU1@00AEAV?$allocator@U_ccd_vec3_t@@@0@@Z 0000000180053600 f i collisioncodegen_api.obj
 0001:00052740       ??$_Uninitialized_copy@PEAU_idx_vec3_t@shared_robotics@@PEAU12@V?$allocator@U_idx_vec3_t@shared_robotics@@@std@@@std@@YAPEAU_idx_vec3_t@shared_robotics@@PEAU12@00AEAV?$allocator@U_idx_vec3_t@shared_robotics@@@0@@Z 0000000180053740 f i collisioncodegen_api.obj
 0001:00052880       ??$_Uninitialized_copy@PEAV?$vector@_KV?$allocator@_K@std@@@std@@PEAV12@V?$allocator@V?$vector@_KV?$allocator@_K@std@@@std@@@2@@std@@YAPEAV?$vector@_KV?$allocator@_K@std@@@0@PEAV10@00AEAV?$allocator@V?$vector@_KV?$allocator@_K@std@@@std@@@0@@Z 0000000180053880 f i collisioncodegen_api.obj
 0001:00052940       ??$_Uninitialized_copy@PEA_KPEA_KV?$allocator@_K@std@@@std@@YAPEA_KPEA_K00AEAV?$allocator@_K@0@@Z 0000000180053940 f i collisioncodegen_api.obj
 0001:00052a70       ??$_Uninitialized_move@PEAU_ccd_vec3_t@@V?$allocator@U_ccd_vec3_t@@@std@@@std@@YAPEAU_ccd_vec3_t@@QEAU1@0PEAU1@AEAV?$allocator@U_ccd_vec3_t@@@0@@Z 0000000180053a70 f i collisioncodegen_api.obj
 0001:00052b60       ??$_Voidify_iter@PEAPEAD@std@@YAPEAXPEAPEAD@Z 0000000180053b60 f i collisioncodegen_api.obj
 0001:00052b70       ??$_Voidify_iter@PEAU_ccd_vec3_t@@@std@@YAPEAXPEAU_ccd_vec3_t@@@Z 0000000180053b70 f i collisioncodegen_api.obj
 0001:00052b80       ??$_Voidify_iter@PEAU_idx_vec3_t@shared_robotics@@@std@@YAPEAXPEAU_idx_vec3_t@shared_robotics@@@Z 0000000180053b80 f i collisioncodegen_api.obj
 0001:00052b90       ??$addressof@PEAD@std@@YAPEAPEADAEAPEAD@Z 0000000180053b90 f i collisioncodegen_api.obj
 0001:00052ba0       ??$addressof@U_ccd_vec3_t@@@std@@YAPEAU_ccd_vec3_t@@AEAU1@@Z 0000000180053ba0 f i collisioncodegen_api.obj
 0001:00052bb0       ??$construct@U_ccd_vec3_t@@AEAU1@@?$_Default_allocator_traits@V?$allocator@U_ccd_vec3_t@@@std@@@std@@SAXAEAV?$allocator@U_ccd_vec3_t@@@1@QEAU_ccd_vec3_t@@AEAU3@@Z 0000000180053bb0 f i collisioncodegen_api.obj
 0001:00052c10       ??$construct@U_ccd_vec3_t@@AEBU1@@?$_Default_allocator_traits@V?$allocator@U_ccd_vec3_t@@@std@@@std@@SAXAEAV?$allocator@U_ccd_vec3_t@@@1@QEAU_ccd_vec3_t@@AEBU3@@Z 0000000180053c10 f i collisioncodegen_api.obj
 0001:00052c70       ??$construct@U_ccd_vec3_t@@U1@@?$_Default_allocator_traits@V?$allocator@U_ccd_vec3_t@@@std@@@std@@SAXAEAV?$allocator@U_ccd_vec3_t@@@1@QEAU_ccd_vec3_t@@$$QEAU3@@Z 0000000180053c70 f i collisioncodegen_api.obj
 0001:00052cd0       ??$construct@U_idx_vec3_t@shared_robotics@@AEAU12@@?$_Default_allocator_traits@V?$allocator@U_idx_vec3_t@shared_robotics@@@std@@@std@@SAXAEAV?$allocator@U_idx_vec3_t@shared_robotics@@@1@QEAU_idx_vec3_t@shared_robotics@@AEAU34@@Z 0000000180053cd0 f i collisioncodegen_api.obj
 0001:00052d30       ??$construct@V?$vector@_KV?$allocator@_K@std@@@std@@AEAV12@@?$_Default_allocator_traits@V?$allocator@V?$vector@_KV?$allocator@_K@std@@@std@@@std@@@std@@SAXAEAV?$allocator@V?$vector@_KV?$allocator@_K@std@@@std@@@1@QEAV?$vector@_KV?$allocator@_K@std@@@1@AEAV31@@Z 0000000180053d30 f i collisioncodegen_api.obj
 0001:00052d80       ??$construct@_KAEA_K@?$_Default_allocator_traits@V?$allocator@_K@std@@@std@@SAXAEAV?$allocator@_K@1@QEA_KAEA_K@Z 0000000180053d80 f i collisioncodegen_api.obj
 0001:00052dd0       ??$forward@AEAU_ccd_vec3_t@@@std@@YAAEAU_ccd_vec3_t@@AEAU1@@Z 0000000180053dd0 f i collisioncodegen_api.obj
 0001:00052de0       ??$forward@AEAU_idx_vec3_t@shared_robotics@@@std@@YAAEAU_idx_vec3_t@shared_robotics@@AEAU12@@Z 0000000180053de0 f i collisioncodegen_api.obj
 0001:00052df0       ??$forward@AEAV?$vector@_KV?$allocator@_K@std@@@std@@@std@@YAAEAV?$vector@_KV?$allocator@_K@std@@@0@AEAV10@@Z 0000000180053df0 f i collisioncodegen_api.obj
 0001:00052e00       ??$forward@AEA_K@std@@YAAEA_KAEA_K@Z 0000000180053e00 f i collisioncodegen_api.obj
 0001:00052e10       ??$forward@AEBQEAD@std@@YAAEBQEADAEBQEAD@Z 0000000180053e10 f i collisioncodegen_api.obj
 0001:00052e20       ??$forward@AEBQEAU_ccd_vec3_t@@@std@@YAAEBQEAU_ccd_vec3_t@@AEBQEAU1@@Z 0000000180053e20 f i collisioncodegen_api.obj
 0001:00052e30       ??$forward@AEBQEAU_idx_vec3_t@shared_robotics@@@std@@YAAEBQEAU_idx_vec3_t@shared_robotics@@AEBQEAU12@@Z 0000000180053e30 f i collisioncodegen_api.obj
 0001:00052e40       ??$forward@AEBQEAV?$vector@_KV?$allocator@_K@std@@@std@@@std@@YAAEBQEAV?$vector@_KV?$allocator@_K@std@@@0@AEBQEAV10@@Z 0000000180053e40 f i collisioncodegen_api.obj
 0001:00052e50       ??$forward@AEBU_ccd_vec3_t@@@std@@YAAEBU_ccd_vec3_t@@AEBU1@@Z 0000000180053e50 f i collisioncodegen_api.obj
 0001:00052e60       ??$forward@U_ccd_vec3_t@@@std@@YA$$QEAU_ccd_vec3_t@@AEAU1@@Z 0000000180053e60 f i collisioncodegen_api.obj
 0001:00052e70       ??$forward@V?$allocator@U_ccd_vec3_t@@@std@@@std@@YA$$QEAV?$allocator@U_ccd_vec3_t@@@0@AEAV10@@Z 0000000180053e70 f i collisioncodegen_api.obj
 0001:00052e80       ??$forward@V?$allocator@U_idx_vec3_t@shared_robotics@@@std@@@std@@YA$$QEAV?$allocator@U_idx_vec3_t@shared_robotics@@@0@AEAV10@@Z 0000000180053e80 f i collisioncodegen_api.obj
 0001:00052e90       ??$forward@V?$allocator@V?$vector@_KV?$allocator@_K@std@@@std@@@std@@@std@@YA$$QEAV?$allocator@V?$vector@_KV?$allocator@_K@std@@@std@@@0@AEAV10@@Z 0000000180053e90 f i collisioncodegen_api.obj
 0001:00052ea0       ??$max@_K@std@@YAAEB_KAEB_K0@Z 0000000180053ea0 f i collisioncodegen_api.obj
 0001:00052ef0       ??$move@AEAPEAU_ccd_vec3_t@@@std@@YA$$QEAPEAU_ccd_vec3_t@@AEAPEAU1@@Z 0000000180053ef0 f i collisioncodegen_api.obj
 0001:00052f00       ??$move@AEAPEAU_idx_vec3_t@shared_robotics@@@std@@YA$$QEAPEAU_idx_vec3_t@shared_robotics@@AEAPEAU12@@Z 0000000180053f00 f i collisioncodegen_api.obj
 0001:00052f10       ??$move@AEAPEAV?$vector@_KV?$allocator@_K@std@@@std@@@std@@YA$$QEAPEAV?$vector@_KV?$allocator@_K@std@@@0@AEAPEAV10@@Z 0000000180053f10 f i collisioncodegen_api.obj
 0001:00052f20       ??$move@AEAPEA_K@std@@YA$$QEAPEA_KAEAPEA_K@Z 0000000180053f20 f i collisioncodegen_api.obj
 0001:00052f30       ??$move@AEAU_ccd_vec3_t@@@std@@YA$$QEAU_ccd_vec3_t@@AEAU1@@Z 0000000180053f30 f i collisioncodegen_api.obj
 0001:00052f40       ??0?$_String_val@U?$_Simple_types@D@std@@@std@@QEAA@XZ 0000000180053f40 f i collisioncodegen_api.obj
 0001:00052f80       ??0?$_Uninitialized_backout_al@V?$allocator@U_ccd_vec3_t@@@std@@@std@@QEAA@PEAU_ccd_vec3_t@@AEAV?$allocator@U_ccd_vec3_t@@@1@@Z 0000000180053f80 f i collisioncodegen_api.obj
 0001:00052fc0       ??0?$_Uninitialized_backout_al@V?$allocator@U_idx_vec3_t@shared_robotics@@@std@@@std@@QEAA@PEAU_idx_vec3_t@shared_robotics@@AEAV?$allocator@U_idx_vec3_t@shared_robotics@@@1@@Z 0000000180053fc0 f i collisioncodegen_api.obj
 0001:00053000       ??0?$_Vector_val@U?$_Simple_types@U_ccd_vec3_t@@@std@@@std@@QEAA@XZ 0000000180054000 f i collisioncodegen_api.obj
 0001:00053040       ??0?$_Vector_val@U?$_Simple_types@U_idx_vec3_t@shared_robotics@@@std@@@std@@QEAA@XZ 0000000180054040 f i collisioncodegen_api.obj
[...]
 0003:00014c90       $SG25873                   0000000180074c90     PickAndPlace_Simulation_Simscape_cgxe_registry.obj
 0003:00014d20       $SG25880                   0000000180074d20     PickAndPlace_Simulation_Simscape_cgxe_registry.obj
 0003:00014db0       $SG25886                   0000000180074db0     PickAndPlace_Simulation_Simscape_cgxe_registry.obj
 0003:00014dd0       $SG25887                   0000000180074dd0     PickAndPlace_Simulation_Simscape_cgxe_registry.obj
 0003:00014e60       $SG25893                   0000000180074e60     PickAndPlace_Simulation_Simscape_cgxe_registry.obj
 0003:00014e80       $SG25894                   0000000180074e80     PickAndPlace_Simulation_Simscape_cgxe_registry.obj
 0003:00014f10       $SG25898                   0000000180074f10     PickAndPlace_Simulation_Simscape_cgxe_registry.obj
 0003:00014f30       $SG25899                   0000000180074f30     PickAndPlace_Simulation_Simscape_cgxe_registry.obj
 0003:00014fc0       $SG25903                   0000000180074fc0     PickAndPlace_Simulation_Simscape_cgxe_registry.obj
 0003:00014fe8       $SG25908                   0000000180074fe8     PickAndPlace_Simulation_Simscape_cgxe_registry.obj
 0003:00015010       $SG25904                   0000000180075010     PickAndPlace_Simulation_Simscape_cgxe_registry.obj
 0003:000150a0       $SG25909                   00000001800750a0     PickAndPlace_Simulation_Simscape_cgxe_registry.obj
 0003:00015130       $SG25913                   0000000180075130     PickAndPlace_Simulation_Simscape_cgxe_registry.obj
 0003:00015150       $SG25914                   0000000180075150     PickAndPlace_Simulation_Simscape_cgxe_registry.obj
 0003:000151e0       $SG25918                   00000001800751e0     PickAndPlace_Simulation_Simscape_cgxe_registry.obj
 0003:00015200       $SG25919                   0000000180075200     PickAndPlace_Simulation_Simscape_cgxe_registry.obj
 0003:00015290       $SG25923                   0000000180075290     PickAndPlace_Simulation_Simscape_cgxe_registry.obj
 0003:000152a8       $SG25959                   00000001800752a8     PickAndPlace_Simulation_Simscape_cgxe_registry.obj
 0003:000152c0       $SG25924                   00000001800752c0     PickAndPlace_Simulation_Simscape_cgxe_registry.obj
 0003:00015350       $SG25928                   0000000180075350     PickAndPlace_Simulation_Simscape_cgxe_registry.obj
 0003:00015370       $SG25929                   0000000180075370     PickAndPlace_Simulation_Simscape_cgxe_registry.obj
 0003:00015400       $SG25933                   0000000180075400     PickAndPlace_Simulation_Simscape_cgxe_registry.obj
 0003:00015420       $SG25934                   0000000180075420     PickAndPlace_Simulation_Simscape_cgxe_registry.obj
 0003:000154b0       $SG25938                   00000001800754b0     PickAndPlace_Simulation_Simscape_cgxe_registry.obj
 0003:000154d0       $SG25939                   00000001800754d0     PickAndPlace_Simulation_Simscape_cgxe_registry.obj
 0003:00015560       $SG25943                   0000000180075560     PickAndPlace_Simulation_Simscape_cgxe_registry.obj
 0003:00015580       $SG25944                   0000000180075580     PickAndPlace_Simulation_Simscape_cgxe_registry.obj
 0003:00015610       $SG25948                   0000000180075610     PickAndPlace_Simulation_Simscape_cgxe_registry.obj
 0003:00015630       $SG25949                   0000000180075630     PickAndPlace_Simulation_Simscape_cgxe_registry.obj
 0003:000156c0       $SG25953                   00000001800756c0     PickAndPlace_Simulation_Simscape_cgxe_registry.obj
 0003:000156e0       $SG25954                   00000001800756e0     PickAndPlace_Simulation_Simscape_cgxe_registry.obj
 0003:00015770       $SG25960                   0000000180075770     PickAndPlace_Simulation_Simscape_cgxe_registry.obj
 0003:00015800       $SG25965                   0000000180075800     PickAndPlace_Simulation_Simscape_cgxe_registry.obj
 0003:00015818       $SG25975                   0000000180075818     PickAndPlace_Simulation_Simscape_cgxe_registry.obj
 0003:00015830       $SG25966                   0000000180075830     PickAndPlace_Simulation_Simscape_cgxe_registry.obj
 0003:000158c0       $SG25970                   00000001800758c0     PickAndPlace_Simulation_Simscape_cgxe_registry.obj
 0003:000158d0       $SG25971                   00000001800758d0     PickAndPlace_Simulation_Simscape_cgxe_registry.obj
 0003:00015960       $SG25976                   0000000180075960     PickAndPlace_Simulation_Simscape_cgxe_registry.obj
 0003:000159f0       $SG25984                   00000001800759f0     PickAndPlace_Simulation_Simscape_cgxe_registry.obj
 0003:00015a00       $SG25985                   0000000180075a00     PickAndPlace_Simulation_Simscape_cgxe_registry.obj
 0003:00015a90       $SG25989                   0000000180075a90     PickAndPlace_Simulation_Simscape_cgxe_registry.obj
 0003:00015b10       $SG25991                   0000000180075b10     PickAndPlace_Simulation_Simscape_cgxe_registry.obj
 0003:00015b88       $SG26038                   0000000180075b88     PickAndPlace_Simulation_Simscape_cgxe_registry.obj
 0003:00015b98       $SG26119                   0000000180075b98     PickAndPlace_Simulation_Simscape_cgxe_registry.obj
 0003:00015ba0       $SG25995                   0000000180075ba0     PickAndPlace_Simulation_Simscape_cgxe_registry.obj
 0003:00015c18       $SG26049                   0000000180075c18     PickAndPlace_Simulation_Simscape_cgxe_registry.obj
 0003:00015c28       $SG26120                   0000000180075c28     PickAndPlace_Simulation_Simscape_cgxe_registry.obj
 0003:00015c30       $SG26025                   0000000180075c30     PickAndPlace_Simulation_Simscape_cgxe_registry.obj
 0003:00015d48       $SG26062                   0000000180075d48     PickAndPlace_Simulation_Simscape_cgxe_registry.obj
 0003:00015d58       $SG26073                   0000000180075d58     PickAndPlace_Simulation_Simscape_cgxe_registry.obj
 0003:00015d68       $SG26086                   0000000180075d68     PickAndPlace_Simulation_Simscape_cgxe_registry.obj
 0003:00015d78       $SG26097                   0000000180075d78     PickAndPlace_Simulation_Simscape_cgxe_registry.obj
 0003:00015d88       $SG26107                   0000000180075d88     PickAndPlace_Simulation_Simscape_cgxe_registry.obj
 0003:00015da8       $SG26118                   0000000180075da8     PickAndPlace_Simulation_Simscape_cgxe_registry.obj
 0003:00015dd8       $SG26131                   0000000180075dd8     PickAndPlace_Simulation_Simscape_cgxe_registry.obj
 0003:00015e10       $SG26132                   0000000180075e10     PickAndPlace_Simulation_Simscape_cgxe_registry.obj
 0003:00015e18       $SG26133                   0000000180075e18     PickAndPlace_Simulation_Simscape_cgxe_registry.obj
 0003:00015e20       $SG14125                   0000000180075e20     ccd_polytope.obj
 0003:00015e24       $SG14175                   0000000180075e24     ccd_polytope.obj
 0003:00015e30       $SG14176                   0000000180075e30     ccd_polytope.obj
 0003:00015e3c       $SG14179                   0000000180075e3c     ccd_polytope.obj
 0003:00015e48       $SG14177                   0000000180075e48     ccd_polytope.obj
 0003:00015e58       $SG14178                   0000000180075e58     ccd_polytope.obj
 0003:00015e60       $SG14180                   0000000180075e60     ccd_polytope.obj
 0003:00015e68       $SG14183                   0000000180075e68     ccd_polytope.obj
 0003:00015ea0       points_on_sphere           0000000180075ea0     ccd_vec3.obj
 0003:000163a0       $SG26896                   00000001800763a0     m_eZ8Q20pDV7O0CnikSSPLsF.obj
 0003:000163a1       $SG26897                   00000001800763a1     m_eZ8Q20pDV7O0CnikSSPLsF.obj
 0003:000163a2       $SG26899                   00000001800763a2     m_eZ8Q20pDV7O0CnikSSPLsF.obj
 0003:000163a3       $SG26900                   00000001800763a3     m_eZ8Q20pDV7O0CnikSSPLsF.obj
 0003:000163a4       $SG27268                   00000001800763a4     m_eZ8Q20pDV7O0CnikSSPLsF.obj
 0003:000163a5       $SG27269                   00000001800763a5     m_eZ8Q20pDV7O0CnikSSPLsF.obj
 0003:000163a6       $SG27271                   00000001800763a6     m_eZ8Q20pDV7O0CnikSSPLsF.obj
 0003:000163a7       $SG27272                   00000001800763a7     m_eZ8Q20pDV7O0CnikSSPLsF.obj
 0003:000163a8       $SG27715                   00000001800763a8     m_eZ8Q20pDV7O0CnikSSPLsF.obj
 0003:000163a9       $SG27716                   00000001800763a9     m_eZ8Q20pDV7O0CnikSSPLsF.obj
 0003:000163aa       $SG27820                   00000001800763aa     m_eZ8Q20pDV7O0CnikSSPLsF.obj
 0003:000163ab       $SG27827                   00000001800763ab     m_eZ8Q20pDV7O0CnikSSPLsF.obj
 0003:000163ac       $SG27834                   00000001800763ac     m_eZ8Q20pDV7O0CnikSSPLsF.obj
 0003:000163ad       $SG27844                   00000001800763ad     m_eZ8Q20pDV7O0CnikSSPLsF.obj
 0003:000163ae       $SG27860                   00000001800763ae     m_eZ8Q20pDV7O0CnikSSPLsF.obj
 0003:000163af       $SG27870                   00000001800763af     m_eZ8Q20pDV7O0CnikSSPLsF.obj
 0003:000163b0       $SG27880                   00000001800763b0     m_eZ8Q20pDV7O0CnikSSPLsF.obj
 0003:000163b1       $SG27887                   00000001800763b1     m_eZ8Q20pDV7O0CnikSSPLsF.obj
 0003:000163b2       $SG27891                   00000001800763b2     m_eZ8Q20pDV7O0CnikSSPLsF.obj
 0003:000163b3       $SG27901                   00000001800763b3     m_eZ8Q20pDV7O0CnikSSPLsF.obj
 0003:000163b4       $SG27908                   00000001800763b4     m_eZ8Q20pDV7O0CnikSSPLsF.obj
 0003:000163b5       $SG27912                   00000001800763b5     m_eZ8Q20pDV7O0CnikSSPLsF.obj
 0003:000163b6       $SG27922                   00000001800763b6     m_eZ8Q20pDV7O0CnikSSPLsF.obj
 0003:000163b7       $SG27929                   00000001800763b7     m_eZ8Q20pDV7O0CnikSSPLsF.obj
 0003:000163b8       $SG27936                   00000001800763b8     m_eZ8Q20pDV7O0CnikSSPLsF.obj
 0003:000163b9       $SG27943                   00000001800763b9     m_eZ8Q20pDV7O0CnikSSPLsF.obj
 0003:000163ba       $SG27950                   00000001800763ba     m_eZ8Q20pDV7O0CnikSSPLsF.obj
 0003:000163bb       $SG27954                   00000001800763bb     m_eZ8Q20pDV7O0CnikSSPLsF.obj
 0003:000163bc       $SG27958                   00000001800763bc     m_eZ8Q20pDV7O0CnikSSPLsF.obj
 0003:000163bd       $SG27965                   00000001800763bd     m_eZ8Q20pDV7O0CnikSSPLsF.obj
 0003:000163be       $SG27981                   00000001800763be     m_eZ8Q20pDV7O0CnikSSPLsF.obj
 0003:000163bf       $SG27985                   00000001800763bf     m_eZ8Q20pDV7O0CnikSSPLsF.obj
 0003:000163c0       $SG27992                   00000001800763c0     m_eZ8Q20pDV7O0CnikSSPLsF.obj
 0003:000163c1       $SG27999                   00000001800763c1     m_eZ8Q20pDV7O0CnikSSPLsF.obj
 0003:000163c2       $SG28006                   00000001800763c2     m_eZ8Q20pDV7O0CnikSSPLsF.obj
 0003:000163c3       $SG28013                   00000001800763c3     m_eZ8Q20pDV7O0CnikSSPLsF.obj
 0003:000163c4       $SG28023                   00000001800763c4     m_eZ8Q20pDV7O0CnikSSPLsF.obj
 0003:000163c5       $SG28030                   00000001800763c5     m_eZ8Q20pDV7O0CnikSSPLsF.obj
 0003:000163c6       $SG28037                   00000001800763c6     m_eZ8Q20pDV7O0CnikSSPLsF.obj
 0003:000163c7       $SG28044                   00000001800763c7     m_eZ8Q20pDV7O0CnikSSPLsF.obj
 0003:000163c8       $SG28057                   00000001800763c8     m_eZ8Q20pDV7O0CnikSSPLsF.obj
 0003:000163c9       $SG28067                   00000001800763c9     m_eZ8Q20pDV7O0CnikSSPLsF.obj
 0003:000163ca       $SG28074                   00000001800763ca     m_eZ8Q20pDV7O0CnikSSPLsF.obj
 0003:000163cb       $SG28081                   00000001800763cb     m_eZ8Q20pDV7O0CnikSSPLsF.obj
 0003:000163cc       $SG28097                   00000001800763cc     m_eZ8Q20pDV7O0CnikSSPLsF.obj
 0003:000163cd       $SG28104                   00000001800763cd     m_eZ8Q20pDV7O0CnikSSPLsF.obj
 0003:000163ce       $SG28111                   00000001800763ce     m_eZ8Q20pDV7O0CnikSSPLsF.obj
 0003:000163cf       $SG28115                   00000001800763cf     m_eZ8Q20pDV7O0CnikSSPLsF.obj
 0003:000163d0       $SG28122                   00000001800763d0     m_eZ8Q20pDV7O0CnikSSPLsF.obj
 0003:000163d1       $SG28129                   00000001800763d1     m_eZ8Q20pDV7O0CnikSSPLsF.obj
 0003:000163d2       $SG28139                   00000001800763d2     m_eZ8Q20pDV7O0CnikSSPLsF.obj
 0003:000163d3       $SG28143                   00000001800763d3     m_eZ8Q20pDV7O0CnikSSPLsF.obj
 0003:000163d4       $SG28159                   00000001800763d4     m_eZ8Q20pDV7O0CnikSSPLsF.obj
 0003:000163d5       $SG28166                   00000001800763d5     m_eZ8Q20pDV7O0CnikSSPLsF.obj
 0003:000163d6       $SG28170                   00000001800763d6     m_eZ8Q20pDV7O0CnikSSPLsF.obj
 0003:000163d7       $SG28177                   00000001800763d7     m_eZ8Q20pDV7O0CnikSSPLsF.obj
 0003:000163d8       $SG28184                   00000001800763d8     m_eZ8Q20pDV7O0CnikSSPLsF.obj
 0003:000163d9       $SG28191                   00000001800763d9     m_eZ8Q20pDV7O0CnikSSPLsF.obj
 0003:000163da       $SG28198                   00000001800763da     m_eZ8Q20pDV7O0CnikSSPLsF.obj
 0003:000163db       $SG28214                   00000001800763db     m_eZ8Q20pDV7O0CnikSSPLsF.obj
 0003:000163dc       $SG28221                   00000001800763dc     m_eZ8Q20pDV7O0CnikSSPLsF.obj
 0003:000163dd       $SG28228                   00000001800763dd     m_eZ8Q20pDV7O0CnikSSPLsF.obj
 0003:000163de       $SG28235                   00000001800763de     m_eZ8Q20pDV7O0CnikSSPLsF.obj
 0003:000163df       $SG28242                   00000001800763df     m_eZ8Q20pDV7O0CnikSSPLsF.obj
 0003:000163e0       $SG28249                   00000001800763e0     m_eZ8Q20pDV7O0CnikSSPLsF.obj
 0003:000163e1       $SG28256                   00000001800763e1     m_eZ8Q20pDV7O0CnikSSPLsF.obj
 0003:000163e2       $SG28260                   00000001800763e2     m_eZ8Q20pDV7O0CnikSSPLsF.obj
 0003:000163e3       $SG28264                   00000001800763e3     m_eZ8Q20pDV7O0CnikSSPLsF.obj
 0003:000163e4       $SG28271                   00000001800763e4     m_eZ8Q20pDV7O0CnikSSPLsF.obj
 0003:000163e5       $SG28275                   00000001800763e5     m_eZ8Q20pDV7O0CnikSSPLsF.obj
 0003:000163e6       $SG28279                   00000001800763e6     m_eZ8Q20pDV7O0CnikSSPLsF.obj
 0003:000163e7       $SG28283                   00000001800763e7     m_eZ8Q20pDV7O0CnikSSPLsF.obj
 0003:000163e8       $SG28287                   00000001800763e8     m_eZ8Q20pDV7O0CnikSSPLsF.obj
 0003:000163e9       $SG28291                   00000001800763e9     m_eZ8Q20pDV7O0CnikSSPLsF.obj
 0003:000163ea       $SG28298                   00000001800763ea     m_eZ8Q20pDV7O0CnikSSPLsF.obj
 0003:000163eb       $SG28302                   00000001800763eb     m_eZ8Q20pDV7O0CnikSSPLsF.obj
 0003:000163ec       $SG28309                   00000001800763ec     m_eZ8Q20pDV7O0CnikSSPLsF.obj
 0003:000163ed       $SG28313                   00000001800763ed     m_eZ8Q20pDV7O0CnikSSPLsF.obj
 0003:000163ee       $SG28317                   00000001800763ee     m_eZ8Q20pDV7O0CnikSSPLsF.obj
 0003:000163ef       $SG28321                   00000001800763ef     m_eZ8Q20pDV7O0CnikSSPLsF.obj
 0003:000163f0       $SG28331                   00000001800763f0     m_eZ8Q20pDV7O0CnikSSPLsF.obj
 0003:000163f1       $SG28338                   00000001800763f1     m_eZ8Q20pDV7O0CnikSSPLsF.obj
 0003:000163f2       $SG28342                   00000001800763f2     m_eZ8Q20pDV7O0CnikSSPLsF.obj
 0003:000163f3       $SG28346                   00000001800763f3     m_eZ8Q20pDV7O0CnikSSPLsF.obj
 0003:000163f4       $SG28350                   00000001800763f4     m_eZ8Q20pDV7O0CnikSSPLsF.obj
 0003:000163f5       $SG28354                   00000001800763f5     m_eZ8Q20pDV7O0CnikSSPLsF.obj
 0003:000163f6       $SG28358                   00000001800763f6     m_eZ8Q20pDV7O0CnikSSPLsF.obj
 0003:000163f7       $SG28365                   00000001800763f7     m_eZ8Q20pDV7O0CnikSSPLsF.obj
 0003:000163f8       $SG28369                   00000001800763f8     m_eZ8Q20pDV7O0CnikSSPLsF.obj
 0003:000163f9       $SG28373                   00000001800763f9     m_eZ8Q20pDV7O0CnikSSPLsF.obj
 0003:000163fa       $SG28377                   00000001800763fa     m_eZ8Q20pDV7O0CnikSSPLsF.obj
 0003:000163fb       $SG28381                   00000001800763fb     m_eZ8Q20pDV7O0CnikSSPLsF.obj
 0003:000163fc       $SG28388                   00000001800763fc     m_eZ8Q20pDV7O0CnikSSPLsF.obj
 0003:000163fd       $SG28395                   00000001800763fd     m_eZ8Q20pDV7O0CnikSSPLsF.obj
 0003:000163fe       $SG28402                   00000001800763fe     m_eZ8Q20pDV7O0CnikSSPLsF.obj
 0003:000163ff       $SG28415                   00000001800763ff     m_eZ8Q20pDV7O0CnikSSPLsF.obj
 0003:00016400       $SG28419                   0000000180076400     m_eZ8Q20pDV7O0CnikSSPLsF.obj
 0003:00016401       $SG28429                   0000000180076401     m_eZ8Q20pDV7O0CnikSSPLsF.obj
 0003:00016402       $SG28439                   0000000180076402     m_eZ8Q20pDV7O0CnikSSPLsF.obj
 0003:00016403       $SG28446                   0000000180076403     m_eZ8Q20pDV7O0CnikSSPLsF.obj
 0003:00016404       $SG28450                   0000000180076404     m_eZ8Q20pDV7O0CnikSSPLsF.obj
 0003:00016405       $SG28454                   0000000180076405     m_eZ8Q20pDV7O0CnikSSPLsF.obj
 0003:00016406       $SG28458                   0000000180076406     m_eZ8Q20pDV7O0CnikSSPLsF.obj
 0003:00016407       $SG28468                   0000000180076407     m_eZ8Q20pDV7O0CnikSSPLsF.obj
 0003:00016408       $SG28472                   0000000180076408     m_eZ8Q20pDV7O0CnikSSPLsF.obj
 0003:00016409       $SG39489                   0000000180076409     m_eZ8Q20pDV7O0CnikSSPLsF.obj
 0003:0001640a       $SG39490                   000000018007640a     m_eZ8Q20pDV7O0CnikSSPLsF.obj
 0003:0001640b       $SG39491                   000000018007640b     m_eZ8Q20pDV7O0CnikSSPLsF.obj
 0003:0001640c       $SG39492                   000000018007640c     m_eZ8Q20pDV7O0CnikSSPLsF.obj
 0003:0001640d       $SG39493                   000000018007640d     m_eZ8Q20pDV7O0CnikSSPLsF.obj
 0003:0001640e       $SG39494                   000000018007640e     m_eZ8Q20pDV7O0CnikSSPLsF.obj
 0003:00016410       ?t2_GeometryInternal@?1??CollisionSet_CollisionSet@@9@9 0000000180076410     m_eZ8Q20pDV7O0CnikSSPLsF.obj
 0003:00016418       $SG25552                   0000000180076418     PickAndPlace_Simulation_Simscape_cgxe_registry.obj
 0003:0001641a       ?warningGuard@?1??ssGetRootSS@@9@9 000000018007641a     PickAndPlace_Simulation_Simscape_cgxe_registry.obj
 0003:0001641b       ?warningGuard@?1??ssGetParentSS@@9@9 000000018007641b     PickAndPlace_Simulation_Simscape_cgxe_registry.obj
 0003:00016420       __ccd_vec3_origin          0000000180076420     ccd_vec3.obj
 0003:00016440       GS_ExceptionRecord         0000000180076440     MSVCRT:gs_report.obj
 0003:000164e0       GS_ContextRecord           00000001800764e0     MSVCRT:gs_report.obj
 0003:000169b0       ?__proc_attached@@3HA      00000001800769b0     MSVCRT:dll_dllmain.obj
 0003:000169f0       ?is_initialized_as_dll@@3_NA 00000001800769f0     MSVCRT:utility.obj
 0003:000169f1       ?module_local_atexit_table_initialized@@3_NA 00000001800769f1     MSVCRT:utility.obj
 0003:000169f8       ?module_local_atexit_table@@3U_onexit_table_t@@A 00000001800769f8     MSVCRT:utility.obj
 0003:00016a10       ?module_local_at_quick_exit_table@@3U_onexit_table_t@@A 0000000180076a10     MSVCRT:utility.obj
